[2026-03-23 17:58:35.820] [INFO] [generateInvoice] START | {"bookingId":"BK-MN342Q7O-XI7XSB","invoiceNumber":"INV-MN342Q8J-R0EA4K","startTime":"2026-03-23T12:28:35.819Z"}
[2026-03-23 17:58:35.823] [INFO] [generateInvoice] Generating PDF buffer... | {"bookingId":"BK-MN342Q7O-XI7XSB"}
[2026-03-23 17:58:35.824] [INFO] [generatePDFBuffer] START - Launching Puppeteer browser | {"bookingId":"BK-MN342Q7O-XI7XSB","startTime":"2026-03-23T12:28:35.824Z","chromiumPath":"C:\\Program Files\\Google\\Chrome\\Application\\chrome.exe"}
[2026-03-23 17:58:35.861] [INFO] [generatePDFBuffer] Launching browser... | {"bookingId":"BK-MN342Q7O-XI7XSB","elapsed":"37ms"}
[2026-03-23 17:58:36.646] [INFO] [generatePDFBuffer] Browser launched. Opening new page... | {"bookingId":"BK-MN342Q7O-XI7XSB","elapsed":"822ms"}
[2026-03-23 17:58:36.809] [INFO] [generatePDFBuffer] Page opened. Setting HTML content... | {"bookingId":"BK-MN342Q7O-XI7XSB","elapsed":"985ms"}
[2026-03-23 17:58:38.651] [INFO] [generatePDFBuffer] HTML content set. Generating PDF... | {"bookingId":"BK-MN342Q7O-XI7XSB","elapsed":"2827ms"}
[2026-03-23 17:58:39.425] [INFO] [generatePDFBuffer] PDF generated. Closing browser... | {"bookingId":"BK-MN342Q7O-XI7XSB","pdfSizeKB":"366.57 KB","elapsed":"3601ms"}
[2026-03-23 17:58:39.677] [INFO] [generatePDFBuffer] END - SUCCESS | {"bookingId":"BK-MN342Q7O-XI7XSB","pdfSizeKB":"366.57 KB","endTime":"2026-03-23T12:28:39.677Z","totalDuration":"3853ms"}
[2026-03-23 17:58:39.678] [INFO] [generateInvoice] PDF buffer ready. Uploading to S3... | {"bookingId":"BK-MN342Q7O-XI7XSB"}
[2026-03-23 17:58:39.678] [INFO] [uploadInvoiceToS3] START - Uploading to S3 | {"invoiceNumber":"INV-MN342Q8J-R0EA4K","startTime":"2026-03-23T12:28:39.678Z","pdfSizeKB":"366.57 KB"}
[2026-03-23 17:58:40.356] [INFO] [uploadInvoiceToS3] END - SUCCESS | {"invoiceNumber":"INV-MN342Q8J-R0EA4K","invoiceUrl":"https://sgp1.digitaloceanspaces.com/satyakabir-bucket/TourTravels/INVOICES/invoice_INV-MN342Q8J-R0EA4K_1774268919679.pdf","endTime":"2026-03-23T12:28:40.356Z","totalDuration":"678ms"}
[2026-03-23 17:58:40.357] [INFO] [generateInvoice] END - SUCCESS | {"bookingId":"BK-MN342Q7O-XI7XSB","invoiceUrl":"https://sgp1.digitaloceanspaces.com/satyakabir-bucket/TourTravels/INVOICES/invoice_INV-MN342Q8J-R0EA4K_1774268919679.pdf","endTime":"2026-03-23T12:28:40.357Z","totalDuration":"4538ms"}
[2026-03-23 21:20:08.301] [INFO] [generateInvoice] START | {"bookingId":"BK-MN3D2Y4O-QNYCEU","invoiceNumber":"INV-MN3D2Y7I-HQ371Z","startTime":"2026-03-23T15:50:08.300Z"}
[2026-03-23 21:20:08.308] [INFO] [generateInvoice] Generating PDF buffer... | {"bookingId":"BK-MN3D2Y4O-QNYCEU"}
[2026-03-23 21:20:08.310] [INFO] [generatePDFBuffer] START - Launching Puppeteer browser | {"bookingId":"BK-MN3D2Y4O-QNYCEU","startTime":"2026-03-23T15:50:08.310Z","chromiumPath":"C:\\Program Files\\Google\\Chrome\\Application\\chrome.exe"}
[2026-03-23 21:20:08.354] [INFO] [generatePDFBuffer] Launching browser... | {"bookingId":"BK-MN3D2Y4O-QNYCEU","elapsed":"44ms"}
[2026-03-23 21:20:09.423] [INFO] [generatePDFBuffer] Browser launched. Opening new page... | {"bookingId":"BK-MN3D2Y4O-QNYCEU","elapsed":"1112ms"}
[2026-03-23 21:20:09.607] [INFO] [generatePDFBuffer] Page opened. Setting HTML content... | {"bookingId":"BK-MN3D2Y4O-QNYCEU","elapsed":"1296ms"}
[2026-03-23 21:20:11.398] [INFO] [generatePDFBuffer] HTML content set. Generating PDF... | {"bookingId":"BK-MN3D2Y4O-QNYCEU","elapsed":"3088ms"}
[2026-03-23 21:20:12.801] [INFO] [generatePDFBuffer] PDF generated. Closing browser... | {"bookingId":"BK-MN3D2Y4O-QNYCEU","pdfSizeKB":"357.45 KB","elapsed":"4490ms"}
[2026-03-23 21:20:13.187] [INFO] [generatePDFBuffer] END - SUCCESS | {"bookingId":"BK-MN3D2Y4O-QNYCEU","pdfSizeKB":"357.45 KB","endTime":"2026-03-23T15:50:13.186Z","totalDuration":"4877ms"}
[2026-03-23 21:20:13.188] [INFO] [generateInvoice] PDF buffer ready. Uploading to S3... | {"bookingId":"BK-MN3D2Y4O-QNYCEU"}
[2026-03-23 21:20:13.190] [INFO] [uploadInvoiceToS3] START - Uploading to S3 | {"invoiceNumber":"INV-MN3D2Y7I-HQ371Z","startTime":"2026-03-23T15:50:13.189Z","pdfSizeKB":"357.45 KB"}
[2026-03-23 21:20:16.054] [INFO] [uploadInvoiceToS3] END - SUCCESS | {"invoiceNumber":"INV-MN3D2Y7I-HQ371Z","invoiceUrl":"https://sgp1.digitaloceanspaces.com/satyakabir-bucket/TourTravels/INVOICES/invoice_INV-MN3D2Y7I-HQ371Z_1774281013190.pdf","endTime":"2026-03-23T15:50:16.054Z","totalDuration":"2865ms"}
[2026-03-23 21:20:16.056] [INFO] [generateInvoice] END - SUCCESS | {"bookingId":"BK-MN3D2Y4O-QNYCEU","invoiceUrl":"https://sgp1.digitaloceanspaces.com/satyakabir-bucket/TourTravels/INVOICES/invoice_INV-MN3D2Y7I-HQ371Z_1774281013190.pdf","endTime":"2026-03-23T15:50:16.056Z","totalDuration":"7756ms"}
[2026-03-23 21:33:37.250] [INFO] [generateInvoice] START | {"bookingId":"BK-MN3D2Y4O-QNYCEU","invoiceNumber":"INV-MN3D2Y7I-HQ371Z","startTime":"2026-03-23T16:03:37.249Z"}
[2026-03-23 21:33:37.257] [INFO] [generateInvoice] Generating PDF buffer... | {"bookingId":"BK-MN3D2Y4O-QNYCEU"}
[2026-03-23 21:33:37.259] [INFO] [generatePDFBuffer] START - Launching Puppeteer browser | {"bookingId":"BK-MN3D2Y4O-QNYCEU","startTime":"2026-03-23T16:03:37.258Z","chromiumPath":"C:\\Program Files\\Google\\Chrome\\Application\\chrome.exe"}
[2026-03-23 21:33:37.317] [INFO] [generatePDFBuffer] Launching browser... | {"bookingId":"BK-MN3D2Y4O-QNYCEU","elapsed":"59ms"}
[2026-03-23 21:33:38.694] [INFO] [generatePDFBuffer] Browser launched. Opening new page... | {"bookingId":"BK-MN3D2Y4O-QNYCEU","elapsed":"1436ms"}
[2026-03-23 21:33:38.873] [INFO] [generatePDFBuffer] Page opened. Setting HTML content... | {"bookingId":"BK-MN3D2Y4O-QNYCEU","elapsed":"1615ms"}
[2026-03-23 21:33:40.642] [INFO] [generatePDFBuffer] HTML content set. Generating PDF... | {"bookingId":"BK-MN3D2Y4O-QNYCEU","elapsed":"3384ms"}
[2026-03-23 21:33:41.961] [INFO] [generatePDFBuffer] PDF generated. Closing browser... | {"bookingId":"BK-MN3D2Y4O-QNYCEU","pdfSizeKB":"357.45 KB","elapsed":"4703ms"}
[2026-03-23 21:33:42.457] [INFO] [generatePDFBuffer] END - SUCCESS | {"bookingId":"BK-MN3D2Y4O-QNYCEU","pdfSizeKB":"357.45 KB","endTime":"2026-03-23T16:03:42.457Z","totalDuration":"5199ms"}
[2026-03-23 21:33:42.458] [INFO] [generateInvoice] PDF buffer ready. Uploading to S3... | {"bookingId":"BK-MN3D2Y4O-QNYCEU"}
[2026-03-23 21:33:42.459] [INFO] [uploadInvoiceToS3] START - Uploading to S3 | {"invoiceNumber":"INV-MN3D2Y7I-HQ371Z","startTime":"2026-03-23T16:03:42.459Z","pdfSizeKB":"357.45 KB"}
[2026-03-23 21:33:47.957] [INFO] [uploadInvoiceToS3] END - SUCCESS | {"invoiceNumber":"INV-MN3D2Y7I-HQ371Z","invoiceUrl":"https://sgp1.digitaloceanspaces.com/satyakabir-bucket/TourTravels/INVOICES/invoice_INV-MN3D2Y7I-HQ371Z_1774281822460.pdf","endTime":"2026-03-23T16:03:47.957Z","totalDuration":"5498ms"}
[2026-03-23 21:33:47.959] [INFO] [generateInvoice] END - SUCCESS | {"bookingId":"BK-MN3D2Y4O-QNYCEU","invoiceUrl":"https://sgp1.digitaloceanspaces.com/satyakabir-bucket/TourTravels/INVOICES/invoice_INV-MN3D2Y7I-HQ371Z_1774281822460.pdf","endTime":"2026-03-23T16:03:47.959Z","totalDuration":"10710ms"}
[2026-03-23 21:57:38.039] [INFO] [generateInvoice] START | {"bookingId":"BK-MN3EFJMN-GTX7FS","invoiceNumber":"INV-MN3EFJPA-JHVSBA","startTime":"2026-03-23T16:27:38.037Z"}
[2026-03-23 21:57:38.045] [INFO] [generateInvoice] Generating PDF buffer... | {"bookingId":"BK-MN3EFJMN-GTX7FS"}
[2026-03-23 21:57:38.048] [INFO] [generatePDFBuffer] START - Launching Puppeteer browser | {"bookingId":"BK-MN3EFJMN-GTX7FS","startTime":"2026-03-23T16:27:38.047Z","chromiumPath":"C:\\Program Files\\Google\\Chrome\\Application\\chrome.exe"}
[2026-03-23 21:57:38.099] [INFO] [generatePDFBuffer] Launching browser... | {"bookingId":"BK-MN3EFJMN-GTX7FS","elapsed":"51ms"}
[2026-03-23 21:57:39.094] [INFO] [generatePDFBuffer] Browser launched. Opening new page... | {"bookingId":"BK-MN3EFJMN-GTX7FS","elapsed":"1046ms"}
[2026-03-23 21:57:39.264] [INFO] [generatePDFBuffer] Page opened. Setting HTML content... | {"bookingId":"BK-MN3EFJMN-GTX7FS","elapsed":"1217ms"}
[2026-03-23 21:57:41.075] [INFO] [generatePDFBuffer] HTML content set. Generating PDF... | {"bookingId":"BK-MN3EFJMN-GTX7FS","elapsed":"3028ms"}
[2026-03-23 21:57:42.425] [INFO] [generatePDFBuffer] PDF generated. Closing browser... | {"bookingId":"BK-MN3EFJMN-GTX7FS","pdfSizeKB":"358.06 KB","elapsed":"4378ms"}
[2026-03-23 21:57:42.881] [INFO] [generatePDFBuffer] END - SUCCESS | {"bookingId":"BK-MN3EFJMN-GTX7FS","pdfSizeKB":"358.06 KB","endTime":"2026-03-23T16:27:42.881Z","totalDuration":"4834ms"}
[2026-03-23 21:57:42.882] [INFO] [generateInvoice] PDF buffer ready. Uploading to S3... | {"bookingId":"BK-MN3EFJMN-GTX7FS"}
[2026-03-23 21:57:42.884] [INFO] [uploadInvoiceToS3] START - Uploading to S3 | {"invoiceNumber":"INV-MN3EFJPA-JHVSBA","startTime":"2026-03-23T16:27:42.884Z","pdfSizeKB":"358.06 KB"}
[2026-03-23 21:57:45.798] [INFO] [uploadInvoiceToS3] END - SUCCESS | {"invoiceNumber":"INV-MN3EFJPA-JHVSBA","invoiceUrl":"https://sgp1.digitaloceanspaces.com/satyakabir-bucket/TourTravels/INVOICES/invoice_INV-MN3EFJPA-JHVSBA_1774283262884.pdf","endTime":"2026-03-23T16:27:45.798Z","totalDuration":"2914ms"}
[2026-03-23 21:57:45.800] [INFO] [generateInvoice] END - SUCCESS | {"bookingId":"BK-MN3EFJMN-GTX7FS","invoiceUrl":"https://sgp1.digitaloceanspaces.com/satyakabir-bucket/TourTravels/INVOICES/invoice_INV-MN3EFJPA-JHVSBA_1774283262884.pdf","endTime":"2026-03-23T16:27:45.800Z","totalDuration":"7763ms"}
[2026-03-23 22:27:08.633] [INFO] [generateInvoice] START | {"bookingId":"BK-MN3EFJMN-GTX7FS","invoiceNumber":"INV-MN3EFJPA-JHVSBA","startTime":"2026-03-23T16:57:08.632Z"}
[2026-03-23 22:27:08.637] [INFO] [generateInvoice] Generating PDF buffer... | {"bookingId":"BK-MN3EFJMN-GTX7FS"}
[2026-03-23 22:27:08.638] [INFO] [generatePDFBuffer] START - Launching Puppeteer browser | {"bookingId":"BK-MN3EFJMN-GTX7FS","startTime":"2026-03-23T16:57:08.638Z","chromiumPath":"C:\\Program Files\\Google\\Chrome\\Application\\chrome.exe"}
[2026-03-23 22:27:08.651] [INFO] [generatePDFBuffer] Launching browser... | {"bookingId":"BK-MN3EFJMN-GTX7FS","elapsed":"13ms"}
[2026-03-23 22:27:09.475] [INFO] [generatePDFBuffer] Browser launched. Opening new page... | {"bookingId":"BK-MN3EFJMN-GTX7FS","elapsed":"837ms"}
[2026-03-23 22:27:09.598] [INFO] [generatePDFBuffer] Page opened. Setting HTML content... | {"bookingId":"BK-MN3EFJMN-GTX7FS","elapsed":"960ms"}
[2026-03-23 22:27:11.465] [INFO] [generatePDFBuffer] HTML content set. Generating PDF... | {"bookingId":"BK-MN3EFJMN-GTX7FS","elapsed":"2827ms"}
[2026-03-23 22:27:12.042] [INFO] [generatePDFBuffer] PDF generated. Closing browser... | {"bookingId":"BK-MN3EFJMN-GTX7FS","pdfSizeKB":"358.58 KB","elapsed":"3404ms"}
[2026-03-23 22:27:12.265] [INFO] [generatePDFBuffer] END - SUCCESS | {"bookingId":"BK-MN3EFJMN-GTX7FS","pdfSizeKB":"358.58 KB","endTime":"2026-03-23T16:57:12.265Z","totalDuration":"3627ms"}
[2026-03-23 22:27:12.266] [INFO] [generateInvoice] PDF buffer ready. Uploading to S3... | {"bookingId":"BK-MN3EFJMN-GTX7FS"}
[2026-03-23 22:27:12.267] [INFO] [uploadInvoiceToS3] START - Uploading to S3 | {"invoiceNumber":"INV-MN3EFJPA-JHVSBA","startTime":"2026-03-23T16:57:12.266Z","pdfSizeKB":"358.58 KB"}
[2026-03-23 22:27:13.721] [INFO] [uploadInvoiceToS3] END - SUCCESS | {"invoiceNumber":"INV-MN3EFJPA-JHVSBA","invoiceUrl":"https://sgp1.digitaloceanspaces.com/satyakabir-bucket/TourTravels/INVOICES/invoice_INV-MN3EFJPA-JHVSBA_1774285032267.pdf","endTime":"2026-03-23T16:57:13.720Z","totalDuration":"1454ms"}
[2026-03-23 22:27:13.721] [INFO] [generateInvoice] END - SUCCESS | {"bookingId":"BK-MN3EFJMN-GTX7FS","invoiceUrl":"https://sgp1.digitaloceanspaces.com/satyakabir-bucket/TourTravels/INVOICES/invoice_INV-MN3EFJPA-JHVSBA_1774285032267.pdf","endTime":"2026-03-23T16:57:13.721Z","totalDuration":"5089ms"}
[2026-03-23 22:31:00.997] [INFO] [generateInvoice] START | {"bookingId":"BK-MN3EFJMN-GTX7FS","invoiceNumber":"INV-MN3EFJPA-JHVSBA","startTime":"2026-03-23T17:01:00.997Z"}
[2026-03-23 22:31:01.001] [INFO] [generateInvoice] Generating PDF buffer... | {"bookingId":"BK-MN3EFJMN-GTX7FS"}
[2026-03-23 22:31:01.002] [INFO] [generatePDFBuffer] START - Launching Puppeteer browser | {"bookingId":"BK-MN3EFJMN-GTX7FS","startTime":"2026-03-23T17:01:01.002Z","chromiumPath":"C:\\Program Files\\Google\\Chrome\\Application\\chrome.exe"}
[2026-03-23 22:31:01.013] [INFO] [generatePDFBuffer] Launching browser... | {"bookingId":"BK-MN3EFJMN-GTX7FS","elapsed":"11ms"}
[2026-03-23 22:31:01.679] [INFO] [generatePDFBuffer] Browser launched. Opening new page... | {"bookingId":"BK-MN3EFJMN-GTX7FS","elapsed":"677ms"}
[2026-03-23 22:31:01.777] [INFO] [generatePDFBuffer] Page opened. Setting HTML content... | {"bookingId":"BK-MN3EFJMN-GTX7FS","elapsed":"775ms"}
[2026-03-23 22:31:03.667] [INFO] [generatePDFBuffer] HTML content set. Generating PDF... | {"bookingId":"BK-MN3EFJMN-GTX7FS","elapsed":"2665ms"}
[2026-03-23 22:31:04.250] [INFO] [generatePDFBuffer] PDF generated. Closing browser... | {"bookingId":"BK-MN3EFJMN-GTX7FS","pdfSizeKB":"358.58 KB","elapsed":"3248ms"}
[2026-03-23 22:31:04.480] [INFO] [generatePDFBuffer] END - SUCCESS | {"bookingId":"BK-MN3EFJMN-GTX7FS","pdfSizeKB":"358.58 KB","endTime":"2026-03-23T17:01:04.480Z","totalDuration":"3478ms"}
[2026-03-23 22:31:04.481] [INFO] [generateInvoice] PDF buffer ready. Uploading to S3... | {"bookingId":"BK-MN3EFJMN-GTX7FS"}
[2026-03-23 22:31:04.481] [INFO] [uploadInvoiceToS3] START - Uploading to S3 | {"invoiceNumber":"INV-MN3EFJPA-JHVSBA","startTime":"2026-03-23T17:01:04.481Z","pdfSizeKB":"358.58 KB"}
[2026-03-23 22:31:05.663] [INFO] [uploadInvoiceToS3] END - SUCCESS | {"invoiceNumber":"INV-MN3EFJPA-JHVSBA","invoiceUrl":"https://sgp1.digitaloceanspaces.com/satyakabir-bucket/TourTravels/INVOICES/invoice_INV-MN3EFJPA-JHVSBA_1774285264482.pdf","endTime":"2026-03-23T17:01:05.663Z","totalDuration":"1182ms"}
[2026-03-23 22:31:05.664] [INFO] [generateInvoice] END - SUCCESS | {"bookingId":"BK-MN3EFJMN-GTX7FS","invoiceUrl":"https://sgp1.digitaloceanspaces.com/satyakabir-bucket/TourTravels/INVOICES/invoice_INV-MN3EFJPA-JHVSBA_1774285264482.pdf","endTime":"2026-03-23T17:01:05.663Z","totalDuration":"4667ms"}
[2026-03-23 22:32:35.153] [INFO] [generateInvoice] START | {"bookingId":"BK-MN3EFJMN-GTX7FS","invoiceNumber":"INV-MN3EFJPA-JHVSBA","startTime":"2026-03-23T17:02:35.152Z"}
[2026-03-23 22:32:35.153] [INFO] [generateInvoice] Generating PDF buffer... | {"bookingId":"BK-MN3EFJMN-GTX7FS"}
[2026-03-23 22:32:35.154] [INFO] [generatePDFBuffer] START - Launching Puppeteer browser | {"bookingId":"BK-MN3EFJMN-GTX7FS","startTime":"2026-03-23T17:02:35.154Z","chromiumPath":"C:\\Program Files\\Google\\Chrome\\Application\\chrome.exe"}
[2026-03-23 22:32:35.158] [INFO] [generatePDFBuffer] Launching browser... | {"bookingId":"BK-MN3EFJMN-GTX7FS","elapsed":"4ms"}
[2026-03-23 22:32:35.544] [INFO] [generatePDFBuffer] Browser launched. Opening new page... | {"bookingId":"BK-MN3EFJMN-GTX7FS","elapsed":"390ms"}
[2026-03-23 22:32:35.615] [INFO] [generatePDFBuffer] Page opened. Setting HTML content... | {"bookingId":"BK-MN3EFJMN-GTX7FS","elapsed":"461ms"}
[2026-03-23 22:32:37.553] [INFO] [generatePDFBuffer] HTML content set. Generating PDF... | {"bookingId":"BK-MN3EFJMN-GTX7FS","elapsed":"2399ms"}
[2026-03-23 22:32:38.084] [INFO] [generatePDFBuffer] PDF generated. Closing browser... | {"bookingId":"BK-MN3EFJMN-GTX7FS","pdfSizeKB":"358.59 KB","elapsed":"2930ms"}
[2026-03-23 22:32:38.292] [INFO] [generatePDFBuffer] END - SUCCESS | {"bookingId":"BK-MN3EFJMN-GTX7FS","pdfSizeKB":"358.59 KB","endTime":"2026-03-23T17:02:38.292Z","totalDuration":"3138ms"}
[2026-03-23 22:32:38.292] [INFO] [generateInvoice] PDF buffer ready. Uploading to S3... | {"bookingId":"BK-MN3EFJMN-GTX7FS"}
[2026-03-23 22:32:38.293] [INFO] [uploadInvoiceToS3] START - Uploading to S3 | {"invoiceNumber":"INV-MN3EFJPA-JHVSBA","startTime":"2026-03-23T17:02:38.293Z","pdfSizeKB":"358.59 KB"}
[2026-03-23 22:32:39.714] [INFO] [uploadInvoiceToS3] END - SUCCESS | {"invoiceNumber":"INV-MN3EFJPA-JHVSBA","invoiceUrl":"https://sgp1.digitaloceanspaces.com/satyakabir-bucket/TourTravels/INVOICES/invoice_INV-MN3EFJPA-JHVSBA_1774285358293.pdf","endTime":"2026-03-23T17:02:39.714Z","totalDuration":"1421ms"}
[2026-03-23 22:32:39.715] [INFO] [generateInvoice] END - SUCCESS | {"bookingId":"BK-MN3EFJMN-GTX7FS","invoiceUrl":"https://sgp1.digitaloceanspaces.com/satyakabir-bucket/TourTravels/INVOICES/invoice_INV-MN3EFJPA-JHVSBA_1774285358293.pdf","endTime":"2026-03-23T17:02:39.715Z","totalDuration":"4563ms"}
[2026-03-24 12:33:20.671] [INFO] [generateInvoice] START | {"bookingId":"BK-MN49PPWJ-9ZS1WK","invoiceNumber":"INV-MN49PPXP-WFM1ID","startTime":"2026-03-24T07:03:20.668Z"}
[2026-03-24 12:33:20.688] [INFO] [generateInvoice] Generating PDF buffer... | {"bookingId":"BK-MN49PPWJ-9ZS1WK"}
[2026-03-24 12:33:20.692] [INFO] [generatePDFBuffer] START - Launching Puppeteer browser | {"bookingId":"BK-MN49PPWJ-9ZS1WK","startTime":"2026-03-24T07:03:20.692Z","chromiumPath":"/usr/bin/chromium-browser"}
[2026-03-24 12:33:20.757] [INFO] [generatePDFBuffer] Launching browser... | {"bookingId":"BK-MN49PPWJ-9ZS1WK","elapsed":"65ms"}
[2026-03-24 12:33:20.766] [ERROR] [generatePDFBuffer] END - FAILED | {"bookingId":"BK-MN49PPWJ-9ZS1WK","endTime":"2026-03-24T07:03:20.766Z","totalDuration":"74ms","error":"Browser was not found at the configured executablePath (/usr/bin/chromium-browser)"}
Error: Browser was not found at the configured executablePath (/usr/bin/chromium-browser)
    at ChromeLauncher.launch (C:\Users\HP\Downloads\api zunjarraoyatra 9-3-26\node_modules\puppeteer-core\lib\cjs\puppeteer\node\BrowserLauncher.js:90:19)
    at async InvoiceService.generatePDFBuffer (C:\Users\HP\Downloads\api zunjarraoyatra 9-3-26\src\services\invoiceService.js:82:17)
    at async InvoiceService.generateInvoice (C:\Users\HP\Downloads\api zunjarraoyatra 9-3-26\src\services\invoiceService.js:24:25)
    at async Immediate.<anonymous> (C:\Users\HP\Downloads\api zunjarraoyatra 9-3-26\src\controller\checkoutController.js:957:26)
[2026-03-24 12:33:20.768] [ERROR] [generateInvoice] END - FAILED | {"bookingId":"BK-MN49PPWJ-9ZS1WK","endTime":"2026-03-24T07:03:20.768Z","totalDuration":"100ms","error":"Browser was not found at the configured executablePath (/usr/bin/chromium-browser)"}
Error: Browser was not found at the configured executablePath (/usr/bin/chromium-browser)
    at ChromeLauncher.launch (C:\Users\HP\Downloads\api zunjarraoyatra 9-3-26\node_modules\puppeteer-core\lib\cjs\puppeteer\node\BrowserLauncher.js:90:19)
    at async InvoiceService.generatePDFBuffer (C:\Users\HP\Downloads\api zunjarraoyatra 9-3-26\src\services\invoiceService.js:82:17)
    at async InvoiceService.generateInvoice (C:\Users\HP\Downloads\api zunjarraoyatra 9-3-26\src\services\invoiceService.js:24:25)
    at async Immediate.<anonymous> (C:\Users\HP\Downloads\api zunjarraoyatra 9-3-26\src\controller\checkoutController.js:957:26)
[2026-03-24 12:35:43.247] [INFO] [generateInvoice] START | {"bookingId":"BK-MN49PPWJ-9ZS1WK","invoiceNumber":"INV-MN49PPXP-WFM1ID","startTime":"2026-03-24T07:05:43.245Z"}
[2026-03-24 12:35:43.254] [INFO] [generateInvoice] Generating PDF buffer... | {"bookingId":"BK-MN49PPWJ-9ZS1WK"}
[2026-03-24 12:35:43.256] [INFO] [generatePDFBuffer] START - Launching Puppeteer browser | {"bookingId":"BK-MN49PPWJ-9ZS1WK","startTime":"2026-03-24T07:05:43.256Z","chromiumPath":"/usr/bin/chromium-browser"}
[2026-03-24 12:35:43.283] [INFO] [generatePDFBuffer] Launching browser... | {"bookingId":"BK-MN49PPWJ-9ZS1WK","elapsed":"26ms"}
[2026-03-24 12:35:43.292] [ERROR] [generatePDFBuffer] END - FAILED | {"bookingId":"BK-MN49PPWJ-9ZS1WK","endTime":"2026-03-24T07:05:43.291Z","totalDuration":"35ms","error":"Browser was not found at the configured executablePath (/usr/bin/chromium-browser)"}
Error: Browser was not found at the configured executablePath (/usr/bin/chromium-browser)
    at ChromeLauncher.launch (C:\Users\HP\Downloads\api zunjarraoyatra 9-3-26\node_modules\puppeteer-core\lib\cjs\puppeteer\node\BrowserLauncher.js:90:19)
    at async InvoiceService.generatePDFBuffer (C:\Users\HP\Downloads\api zunjarraoyatra 9-3-26\src\services\invoiceService.js:82:17)
    at async InvoiceService.generateInvoice (C:\Users\HP\Downloads\api zunjarraoyatra 9-3-26\src\services\invoiceService.js:24:25)
    at async Immediate.<anonymous> (C:\Users\HP\Downloads\api zunjarraoyatra 9-3-26\src\controller\checkoutController.js:957:26)
[2026-03-24 12:35:43.293] [ERROR] [generateInvoice] END - FAILED | {"bookingId":"BK-MN49PPWJ-9ZS1WK","endTime":"2026-03-24T07:05:43.293Z","totalDuration":"48ms","error":"Browser was not found at the configured executablePath (/usr/bin/chromium-browser)"}
Error: Browser was not found at the configured executablePath (/usr/bin/chromium-browser)
    at ChromeLauncher.launch (C:\Users\HP\Downloads\api zunjarraoyatra 9-3-26\node_modules\puppeteer-core\lib\cjs\puppeteer\node\BrowserLauncher.js:90:19)
    at async InvoiceService.generatePDFBuffer (C:\Users\HP\Downloads\api zunjarraoyatra 9-3-26\src\services\invoiceService.js:82:17)
    at async InvoiceService.generateInvoice (C:\Users\HP\Downloads\api zunjarraoyatra 9-3-26\src\services\invoiceService.js:24:25)
    at async Immediate.<anonymous> (C:\Users\HP\Downloads\api zunjarraoyatra 9-3-26\src\controller\checkoutController.js:957:26)
[2026-03-24 12:40:08.618] [INFO] [generateInvoice] START | {"bookingId":"BK-MN49PPWJ-9ZS1WK","invoiceNumber":"INV-MN49PPXP-WFM1ID","startTime":"2026-03-24T07:10:08.617Z"}
[2026-03-24 12:40:08.621] [INFO] [generateInvoice] Generating PDF buffer... | {"bookingId":"BK-MN49PPWJ-9ZS1WK"}
[2026-03-24 12:40:08.622] [INFO] [generatePDFBuffer] START - Launching Puppeteer browser | {"bookingId":"BK-MN49PPWJ-9ZS1WK","startTime":"2026-03-24T07:10:08.622Z","chromiumPath":"/usr/bin/chromium-browser"}
[2026-03-24 12:40:08.637] [INFO] [generatePDFBuffer] Launching browser... | {"bookingId":"BK-MN49PPWJ-9ZS1WK","elapsed":"14ms"}
[2026-03-24 12:40:08.640] [ERROR] [generatePDFBuffer] END - FAILED | {"bookingId":"BK-MN49PPWJ-9ZS1WK","endTime":"2026-03-24T07:10:08.640Z","totalDuration":"18ms","error":"Browser was not found at the configured executablePath (/usr/bin/chromium-browser)"}
Error: Browser was not found at the configured executablePath (/usr/bin/chromium-browser)
    at ChromeLauncher.launch (C:\Users\HP\Downloads\api zunjarraoyatra 9-3-26\node_modules\puppeteer-core\lib\cjs\puppeteer\node\BrowserLauncher.js:90:19)
    at async InvoiceService.generatePDFBuffer (C:\Users\HP\Downloads\api zunjarraoyatra 9-3-26\src\services\invoiceService.js:82:17)
    at async InvoiceService.generateInvoice (C:\Users\HP\Downloads\api zunjarraoyatra 9-3-26\src\services\invoiceService.js:24:25)
    at async Immediate.<anonymous> (C:\Users\HP\Downloads\api zunjarraoyatra 9-3-26\src\controller\checkoutController.js:957:26)
[2026-03-24 12:40:08.641] [ERROR] [generateInvoice] END - FAILED | {"bookingId":"BK-MN49PPWJ-9ZS1WK","endTime":"2026-03-24T07:10:08.641Z","totalDuration":"24ms","error":"Browser was not found at the configured executablePath (/usr/bin/chromium-browser)"}
Error: Browser was not found at the configured executablePath (/usr/bin/chromium-browser)
    at ChromeLauncher.launch (C:\Users\HP\Downloads\api zunjarraoyatra 9-3-26\node_modules\puppeteer-core\lib\cjs\puppeteer\node\BrowserLauncher.js:90:19)
    at async InvoiceService.generatePDFBuffer (C:\Users\HP\Downloads\api zunjarraoyatra 9-3-26\src\services\invoiceService.js:82:17)
    at async InvoiceService.generateInvoice (C:\Users\HP\Downloads\api zunjarraoyatra 9-3-26\src\services\invoiceService.js:24:25)
    at async Immediate.<anonymous> (C:\Users\HP\Downloads\api zunjarraoyatra 9-3-26\src\controller\checkoutController.js:957:26)
[2026-03-24 12:44:43.939] [INFO] [generateInvoice] START | {"bookingId":"BK-MN49PPWJ-9ZS1WK","invoiceNumber":"INV-MN49PPXP-WFM1ID","startTime":"2026-03-24T07:14:43.937Z"}
[2026-03-24 12:44:43.947] [INFO] [generateInvoice] Generating PDF buffer... | {"bookingId":"BK-MN49PPWJ-9ZS1WK"}
[2026-03-24 12:44:43.950] [INFO] [generatePDFBuffer] START - Launching Puppeteer browser | {"bookingId":"BK-MN49PPWJ-9ZS1WK","startTime":"2026-03-24T07:14:43.949Z","chromiumPath":"C:\\Program Files\\Google\\Chrome\\Application\\chrome.exe"}
[2026-03-24 12:44:44.001] [INFO] [generatePDFBuffer] Launching browser... | {"bookingId":"BK-MN49PPWJ-9ZS1WK","elapsed":"52ms"}
[2026-03-24 12:44:46.073] [INFO] [generatePDFBuffer] Browser launched. Opening new page... | {"bookingId":"BK-MN49PPWJ-9ZS1WK","elapsed":"2124ms"}
[2026-03-24 12:44:46.437] [INFO] [generatePDFBuffer] Page opened. Setting HTML content... | {"bookingId":"BK-MN49PPWJ-9ZS1WK","elapsed":"2488ms"}
[2026-03-24 12:44:46.470] [INFO] [generatePDFBuffer] HTML content set. Generating PDF... | {"bookingId":"BK-MN49PPWJ-9ZS1WK","elapsed":"2521ms"}
[2026-03-24 12:44:48.140] [INFO] [generatePDFBuffer] PDF generated. Closing browser... | {"bookingId":"BK-MN49PPWJ-9ZS1WK","pdfSizeKB":"299.81 KB","elapsed":"4191ms"}
[2026-03-24 12:44:48.649] [INFO] [generatePDFBuffer] END - SUCCESS | {"bookingId":"BK-MN49PPWJ-9ZS1WK","pdfSizeKB":"299.81 KB","endTime":"2026-03-24T07:14:48.649Z","totalDuration":"4700ms"}
[2026-03-24 12:44:48.650] [INFO] [generateInvoice] PDF buffer ready. Uploading to S3... | {"bookingId":"BK-MN49PPWJ-9ZS1WK"}
[2026-03-24 12:44:48.652] [INFO] [uploadInvoiceToS3] START - Uploading to S3 | {"invoiceNumber":"INV-MN49PPXP-WFM1ID","startTime":"2026-03-24T07:14:48.651Z","pdfSizeKB":"299.81 KB"}
[2026-03-24 12:44:49.363] [INFO] [uploadInvoiceToS3] END - SUCCESS | {"invoiceNumber":"INV-MN49PPXP-WFM1ID","invoiceUrl":"https://sgp1.digitaloceanspaces.com/satyakabir-bucket/TourTravels/INVOICES/invoice_INV-MN49PPXP-WFM1ID_1774336488652.pdf","endTime":"2026-03-24T07:14:49.363Z","totalDuration":"712ms"}
[2026-03-24 12:44:49.364] [INFO] [generateInvoice] END - SUCCESS | {"bookingId":"BK-MN49PPWJ-9ZS1WK","invoiceUrl":"https://sgp1.digitaloceanspaces.com/satyakabir-bucket/TourTravels/INVOICES/invoice_INV-MN49PPXP-WFM1ID_1774336488652.pdf","endTime":"2026-03-24T07:14:49.364Z","totalDuration":"5427ms"}
[2026-03-24 13:14:40.546] [INFO] [generateInvoice] START | {"bookingId":"BK-MN49PPWJ-9ZS1WK","invoiceNumber":"INV-MN49PPXP-WFM1ID","startTime":"2026-03-24T07:44:40.544Z"}
[2026-03-24 13:14:40.560] [INFO] [generateInvoice] Generating PDF buffer... | {"bookingId":"BK-MN49PPWJ-9ZS1WK"}
[2026-03-24 13:14:40.562] [INFO] [generatePDFBuffer] START - Launching Puppeteer browser | {"bookingId":"BK-MN49PPWJ-9ZS1WK","startTime":"2026-03-24T07:44:40.562Z","chromiumPath":"C:\\Program Files\\Google\\Chrome\\Application\\chrome.exe"}
[2026-03-24 13:14:40.618] [INFO] [generatePDFBuffer] Launching browser... | {"bookingId":"BK-MN49PPWJ-9ZS1WK","elapsed":"56ms"}
[2026-03-24 13:14:41.895] [INFO] [generatePDFBuffer] Browser launched. Opening new page... | {"bookingId":"BK-MN49PPWJ-9ZS1WK","elapsed":"1332ms"}
[2026-03-24 13:14:42.156] [INFO] [generatePDFBuffer] Page opened. Setting HTML content... | {"bookingId":"BK-MN49PPWJ-9ZS1WK","elapsed":"1594ms"}
[2026-03-24 13:14:42.194] [INFO] [generatePDFBuffer] HTML content set. Generating PDF... | {"bookingId":"BK-MN49PPWJ-9ZS1WK","elapsed":"1631ms"}
[2026-03-24 13:14:43.693] [INFO] [generatePDFBuffer] PDF generated. Closing browser... | {"bookingId":"BK-MN49PPWJ-9ZS1WK","pdfSizeKB":"299.81 KB","elapsed":"3131ms"}
[2026-03-24 13:14:44.141] [INFO] [generatePDFBuffer] END - SUCCESS | {"bookingId":"BK-MN49PPWJ-9ZS1WK","pdfSizeKB":"299.81 KB","endTime":"2026-03-24T07:44:44.141Z","totalDuration":"3579ms"}
[2026-03-24 13:14:44.143] [INFO] [generateInvoice] PDF buffer ready. Uploading to S3... | {"bookingId":"BK-MN49PPWJ-9ZS1WK"}
[2026-03-24 13:14:44.144] [INFO] [uploadInvoiceToS3] START - Uploading to S3 | {"invoiceNumber":"INV-MN49PPXP-WFM1ID","startTime":"2026-03-24T07:44:44.144Z","pdfSizeKB":"299.81 KB"}
[2026-03-24 13:14:44.867] [INFO] [uploadInvoiceToS3] END - SUCCESS | {"invoiceNumber":"INV-MN49PPXP-WFM1ID","invoiceUrl":"https://sgp1.digitaloceanspaces.com/satyakabir-bucket/TourTravels/INVOICES/invoice_INV-MN49PPXP-WFM1ID_1774338284145.pdf","endTime":"2026-03-24T07:44:44.867Z","totalDuration":"723ms"}
[2026-03-24 13:14:44.869] [INFO] [generateInvoice] END - SUCCESS | {"bookingId":"BK-MN49PPWJ-9ZS1WK","invoiceUrl":"https://sgp1.digitaloceanspaces.com/satyakabir-bucket/TourTravels/INVOICES/invoice_INV-MN49PPXP-WFM1ID_1774338284145.pdf","endTime":"2026-03-24T07:44:44.869Z","totalDuration":"4325ms"}
[2026-03-24 13:16:19.296] [INFO] [generateInvoice] START | {"bookingId":"BK-MN49PPWJ-9ZS1WK","invoiceNumber":"INV-MN49PPXP-WFM1ID","startTime":"2026-03-24T07:46:19.295Z"}
[2026-03-24 13:16:19.303] [INFO] [generateInvoice] Generating PDF buffer... | {"bookingId":"BK-MN49PPWJ-9ZS1WK"}
[2026-03-24 13:16:19.305] [INFO] [generatePDFBuffer] START - Launching Puppeteer browser | {"bookingId":"BK-MN49PPWJ-9ZS1WK","startTime":"2026-03-24T07:46:19.305Z","chromiumPath":"C:\\Program Files\\Google\\Chrome\\Application\\chrome.exe"}
[2026-03-24 13:16:19.350] [INFO] [generatePDFBuffer] Launching browser... | {"bookingId":"BK-MN49PPWJ-9ZS1WK","elapsed":"45ms"}
[2026-03-24 13:16:20.475] [INFO] [generatePDFBuffer] Browser launched. Opening new page... | {"bookingId":"BK-MN49PPWJ-9ZS1WK","elapsed":"1170ms"}
[2026-03-24 13:16:20.658] [INFO] [generatePDFBuffer] Page opened. Setting HTML content... | {"bookingId":"BK-MN49PPWJ-9ZS1WK","elapsed":"1353ms"}
[2026-03-24 13:16:20.696] [INFO] [generatePDFBuffer] HTML content set. Generating PDF... | {"bookingId":"BK-MN49PPWJ-9ZS1WK","elapsed":"1391ms"}
[2026-03-24 13:16:22.567] [INFO] [generatePDFBuffer] PDF generated. Closing browser... | {"bookingId":"BK-MN49PPWJ-9ZS1WK","pdfSizeKB":"303.86 KB","elapsed":"3262ms"}
[2026-03-24 13:16:22.971] [INFO] [generatePDFBuffer] END - SUCCESS | {"bookingId":"BK-MN49PPWJ-9ZS1WK","pdfSizeKB":"303.86 KB","endTime":"2026-03-24T07:46:22.970Z","totalDuration":"3666ms"}
[2026-03-24 13:16:22.973] [INFO] [generateInvoice] PDF buffer ready. Uploading to S3... | {"bookingId":"BK-MN49PPWJ-9ZS1WK"}
[2026-03-24 13:16:22.975] [INFO] [uploadInvoiceToS3] START - Uploading to S3 | {"invoiceNumber":"INV-MN49PPXP-WFM1ID","startTime":"2026-03-24T07:46:22.974Z","pdfSizeKB":"303.86 KB"}
[2026-03-24 13:16:23.719] [INFO] [uploadInvoiceToS3] END - SUCCESS | {"invoiceNumber":"INV-MN49PPXP-WFM1ID","invoiceUrl":"https://sgp1.digitaloceanspaces.com/satyakabir-bucket/TourTravels/INVOICES/invoice_INV-MN49PPXP-WFM1ID_1774338382976.pdf","endTime":"2026-03-24T07:46:23.719Z","totalDuration":"745ms"}
[2026-03-24 13:16:23.720] [INFO] [generateInvoice] END - SUCCESS | {"bookingId":"BK-MN49PPWJ-9ZS1WK","invoiceUrl":"https://sgp1.digitaloceanspaces.com/satyakabir-bucket/TourTravels/INVOICES/invoice_INV-MN49PPXP-WFM1ID_1774338382976.pdf","endTime":"2026-03-24T07:46:23.720Z","totalDuration":"4425ms"}
[2026-03-24 13:19:36.948] [INFO] [generateInvoice] START | {"bookingId":"BK-MN49PPWJ-9ZS1WK","invoiceNumber":"INV-MN49PPXP-WFM1ID","startTime":"2026-03-24T07:49:36.946Z"}
[2026-03-24 13:19:36.955] [INFO] [generateInvoice] Generating PDF buffer... | {"bookingId":"BK-MN49PPWJ-9ZS1WK"}
[2026-03-24 13:19:36.957] [INFO] [generatePDFBuffer] START - Launching Puppeteer browser | {"bookingId":"BK-MN49PPWJ-9ZS1WK","startTime":"2026-03-24T07:49:36.956Z","chromiumPath":"/usr/bin/chromium-browser"}
[2026-03-24 13:19:36.988] [DEBUG] [generatePDFBuffer] HTML template generated | {"bookingId":"BK-MN49PPWJ-9ZS1WK","htmlLength":16597,"elapsed":"32ms"}
[2026-03-24 13:19:36.989] [INFO] [generatePDFBuffer] Launching browser... | {"bookingId":"BK-MN49PPWJ-9ZS1WK","elapsed":"33ms"}
[2026-03-24 13:19:36.995] [ERROR] [generatePDFBuffer] END - FAILED | {"bookingId":"BK-MN49PPWJ-9ZS1WK","endTime":"2026-03-24T07:49:36.995Z","totalDuration":"39ms","error":"Browser was not found at the configured executablePath (/usr/bin/chromium-browser)"}
Error: Browser was not found at the configured executablePath (/usr/bin/chromium-browser)
    at ChromeLauncher.launch (C:\Users\HP\Downloads\api zunjarraoyatra 9-3-26\node_modules\puppeteer-core\lib\cjs\puppeteer\node\BrowserLauncher.js:90:19)
    at async InvoiceService.generatePDFBuffer (C:\Users\HP\Downloads\api zunjarraoyatra 9-3-26\src\services\invoiceService.js:82:17)
    at async InvoiceService.generateInvoice (C:\Users\HP\Downloads\api zunjarraoyatra 9-3-26\src\services\invoiceService.js:24:25)
    at async Immediate.<anonymous> (C:\Users\HP\Downloads\api zunjarraoyatra 9-3-26\src\controller\checkoutController.js:965:26)
[2026-03-24 13:19:36.999] [ERROR] [generateInvoice] END - FAILED | {"bookingId":"BK-MN49PPWJ-9ZS1WK","endTime":"2026-03-24T07:49:36.999Z","totalDuration":"53ms","error":"Browser was not found at the configured executablePath (/usr/bin/chromium-browser)"}
Error: Browser was not found at the configured executablePath (/usr/bin/chromium-browser)
    at ChromeLauncher.launch (C:\Users\HP\Downloads\api zunjarraoyatra 9-3-26\node_modules\puppeteer-core\lib\cjs\puppeteer\node\BrowserLauncher.js:90:19)
    at async InvoiceService.generatePDFBuffer (C:\Users\HP\Downloads\api zunjarraoyatra 9-3-26\src\services\invoiceService.js:82:17)
    at async InvoiceService.generateInvoice (C:\Users\HP\Downloads\api zunjarraoyatra 9-3-26\src\services\invoiceService.js:24:25)
    at async Immediate.<anonymous> (C:\Users\HP\Downloads\api zunjarraoyatra 9-3-26\src\controller\checkoutController.js:965:26)
[2026-03-24 13:22:16.032] [INFO] [generateInvoice] START | {"bookingId":"BK-MN49PPWJ-9ZS1WK","invoiceNumber":"INV-MN49PPXP-WFM1ID","startTime":"2026-03-24T07:52:16.030Z"}
[2026-03-24 13:22:16.041] [INFO] [generateInvoice] Generating PDF buffer... | {"bookingId":"BK-MN49PPWJ-9ZS1WK"}
[2026-03-24 13:22:16.043] [INFO] [generatePDFBuffer] START - Launching Puppeteer browser | {"bookingId":"BK-MN49PPWJ-9ZS1WK","startTime":"2026-03-24T07:52:16.043Z","chromiumPath":"/usr/bin/chromium-browser"}
[2026-03-24 13:22:16.097] [INFO] [generatePDFBuffer] Launching browser... | {"bookingId":"BK-MN49PPWJ-9ZS1WK","elapsed":"54ms"}
[2026-03-24 13:22:16.106] [ERROR] [generatePDFBuffer] END - FAILED | {"bookingId":"BK-MN49PPWJ-9ZS1WK","endTime":"2026-03-24T07:52:16.106Z","totalDuration":"63ms","error":"Browser was not found at the configured executablePath (/usr/bin/chromium-browser)"}
Error: Browser was not found at the configured executablePath (/usr/bin/chromium-browser)
    at ChromeLauncher.launch (C:\Users\HP\Downloads\api zunjarraoyatra 9-3-26\node_modules\puppeteer-core\lib\cjs\puppeteer\node\BrowserLauncher.js:90:19)
    at async InvoiceService.generatePDFBuffer (C:\Users\HP\Downloads\api zunjarraoyatra 9-3-26\src\services\invoiceService.js:82:17)
    at async InvoiceService.generateInvoice (C:\Users\HP\Downloads\api zunjarraoyatra 9-3-26\src\services\invoiceService.js:24:25)
    at async Immediate.<anonymous> (C:\Users\HP\Downloads\api zunjarraoyatra 9-3-26\src\controller\checkoutController.js:965:26)
[2026-03-24 13:22:16.108] [ERROR] [generateInvoice] END - FAILED | {"bookingId":"BK-MN49PPWJ-9ZS1WK","endTime":"2026-03-24T07:52:16.108Z","totalDuration":"78ms","error":"Browser was not found at the configured executablePath (/usr/bin/chromium-browser)"}
Error: Browser was not found at the configured executablePath (/usr/bin/chromium-browser)
    at ChromeLauncher.launch (C:\Users\HP\Downloads\api zunjarraoyatra 9-3-26\node_modules\puppeteer-core\lib\cjs\puppeteer\node\BrowserLauncher.js:90:19)
    at async InvoiceService.generatePDFBuffer (C:\Users\HP\Downloads\api zunjarraoyatra 9-3-26\src\services\invoiceService.js:82:17)
    at async InvoiceService.generateInvoice (C:\Users\HP\Downloads\api zunjarraoyatra 9-3-26\src\services\invoiceService.js:24:25)
    at async Immediate.<anonymous> (C:\Users\HP\Downloads\api zunjarraoyatra 9-3-26\src\controller\checkoutController.js:965:26)
[2026-03-24 13:23:15.344] [INFO] [generateInvoice] START | {"bookingId":"BK-MN49PPWJ-9ZS1WK","invoiceNumber":"INV-MN49PPXP-WFM1ID","startTime":"2026-03-24T07:53:15.344Z"}
[2026-03-24 13:23:15.345] [INFO] [generateInvoice] Generating PDF buffer... | {"bookingId":"BK-MN49PPWJ-9ZS1WK"}
[2026-03-24 13:23:15.346] [INFO] [generatePDFBuffer] START - Launching Puppeteer browser | {"bookingId":"BK-MN49PPWJ-9ZS1WK","startTime":"2026-03-24T07:53:15.346Z","chromiumPath":"/usr/bin/chromium-browser"}
[2026-03-24 13:23:15.356] [INFO] [generatePDFBuffer] Launching browser... | {"bookingId":"BK-MN49PPWJ-9ZS1WK","elapsed":"9ms"}
[2026-03-24 13:23:15.359] [ERROR] [generatePDFBuffer] END - FAILED | {"bookingId":"BK-MN49PPWJ-9ZS1WK","endTime":"2026-03-24T07:53:15.358Z","totalDuration":"12ms","error":"Browser was not found at the configured executablePath (/usr/bin/chromium-browser)"}
Error: Browser was not found at the configured executablePath (/usr/bin/chromium-browser)
    at ChromeLauncher.launch (C:\Users\HP\Downloads\api zunjarraoyatra 9-3-26\node_modules\puppeteer-core\lib\cjs\puppeteer\node\BrowserLauncher.js:90:19)
    at async InvoiceService.generatePDFBuffer (C:\Users\HP\Downloads\api zunjarraoyatra 9-3-26\src\services\invoiceService.js:82:17)
    at async InvoiceService.generateInvoice (C:\Users\HP\Downloads\api zunjarraoyatra 9-3-26\src\services\invoiceService.js:24:25)
    at async Immediate.<anonymous> (C:\Users\HP\Downloads\api zunjarraoyatra 9-3-26\src\controller\checkoutController.js:965:26)
[2026-03-24 13:23:15.360] [ERROR] [generateInvoice] END - FAILED | {"bookingId":"BK-MN49PPWJ-9ZS1WK","endTime":"2026-03-24T07:53:15.360Z","totalDuration":"16ms","error":"Browser was not found at the configured executablePath (/usr/bin/chromium-browser)"}
Error: Browser was not found at the configured executablePath (/usr/bin/chromium-browser)
    at ChromeLauncher.launch (C:\Users\HP\Downloads\api zunjarraoyatra 9-3-26\node_modules\puppeteer-core\lib\cjs\puppeteer\node\BrowserLauncher.js:90:19)
    at async InvoiceService.generatePDFBuffer (C:\Users\HP\Downloads\api zunjarraoyatra 9-3-26\src\services\invoiceService.js:82:17)
    at async InvoiceService.generateInvoice (C:\Users\HP\Downloads\api zunjarraoyatra 9-3-26\src\services\invoiceService.js:24:25)
    at async Immediate.<anonymous> (C:\Users\HP\Downloads\api zunjarraoyatra 9-3-26\src\controller\checkoutController.js:965:26)
[2026-03-24 14:11:51.431] [INFO] [generateInvoice] START | {"bookingId":"BK-MN49PPWJ-9ZS1WK","invoiceNumber":"INV-MN49PPXP-WFM1ID","startTime":"2026-03-24T08:41:51.430Z"}
[2026-03-24 14:11:51.440] [INFO] [generateInvoice] Generating PDF buffer... | {"bookingId":"BK-MN49PPWJ-9ZS1WK"}
[2026-03-24 14:11:51.443] [INFO] [generatePDFBuffer] START - Launching Puppeteer browser | {"bookingId":"BK-MN49PPWJ-9ZS1WK","startTime":"2026-03-24T08:41:51.442Z","chromiumPath":"C:\\Program Files\\Google\\Chrome\\Application\\chrome.exe"}
[2026-03-24 14:11:51.488] [INFO] [generatePDFBuffer] Launching browser... | {"bookingId":"BK-MN49PPWJ-9ZS1WK","elapsed":"46ms"}
[2026-03-24 14:11:53.544] [INFO] [generatePDFBuffer] Browser launched. Opening new page... | {"bookingId":"BK-MN49PPWJ-9ZS1WK","elapsed":"2102ms"}
[2026-03-24 14:11:53.663] [INFO] [generatePDFBuffer] Page opened. Setting HTML content... | {"bookingId":"BK-MN49PPWJ-9ZS1WK","elapsed":"2221ms"}
[2026-03-24 14:11:53.687] [INFO] [generatePDFBuffer] HTML content set. Generating PDF... | {"bookingId":"BK-MN49PPWJ-9ZS1WK","elapsed":"2245ms"}
[2026-03-24 14:11:55.496] [INFO] [generatePDFBuffer] PDF generated. Closing browser... | {"bookingId":"BK-MN49PPWJ-9ZS1WK","pdfSizeKB":"299.81 KB","elapsed":"4054ms"}
[2026-03-24 14:11:56.122] [INFO] [generatePDFBuffer] END - SUCCESS | {"bookingId":"BK-MN49PPWJ-9ZS1WK","pdfSizeKB":"299.81 KB","endTime":"2026-03-24T08:41:56.122Z","totalDuration":"4680ms"}
[2026-03-24 14:11:56.125] [INFO] [generateInvoice] PDF buffer ready. Uploading to S3... | {"bookingId":"BK-MN49PPWJ-9ZS1WK"}
[2026-03-24 14:11:56.127] [INFO] [uploadInvoiceToS3] START - Uploading to S3 | {"invoiceNumber":"INV-MN49PPXP-WFM1ID","startTime":"2026-03-24T08:41:56.126Z","pdfSizeKB":"299.81 KB"}
[2026-03-24 14:11:56.818] [INFO] [uploadInvoiceToS3] END - SUCCESS | {"invoiceNumber":"INV-MN49PPXP-WFM1ID","invoiceUrl":"https://sgp1.digitaloceanspaces.com/satyakabir-bucket/TourTravels/INVOICES/invoice_INV-MN49PPXP-WFM1ID_1774341716128.pdf","endTime":"2026-03-24T08:41:56.818Z","totalDuration":"692ms"}
[2026-03-24 14:11:56.819] [INFO] [generateInvoice] END - SUCCESS | {"bookingId":"BK-MN49PPWJ-9ZS1WK","invoiceUrl":"https://sgp1.digitaloceanspaces.com/satyakabir-bucket/TourTravels/INVOICES/invoice_INV-MN49PPXP-WFM1ID_1774341716128.pdf","endTime":"2026-03-24T08:41:56.819Z","totalDuration":"5389ms"}
[2026-03-24 14:14:27.931] [INFO] [generateInvoice] START | {"bookingId":"BK-MN4DBIAH-HYJ75G","invoiceNumber":"INV-MN4DBIBR-7O66BW","startTime":"2026-03-24T08:44:27.930Z"}
[2026-03-24 14:14:27.939] [INFO] [generateInvoice] Generating PDF buffer... | {"bookingId":"BK-MN4DBIAH-HYJ75G"}
[2026-03-24 14:14:27.941] [INFO] [generatePDFBuffer] START - Launching Puppeteer browser | {"bookingId":"BK-MN4DBIAH-HYJ75G","startTime":"2026-03-24T08:44:27.941Z","chromiumPath":"C:\\Program Files\\Google\\Chrome\\Application\\chrome.exe"}
[2026-03-24 14:14:27.962] [INFO] [generatePDFBuffer] Launching browser... | {"bookingId":"BK-MN4DBIAH-HYJ75G","elapsed":"21ms"}
[2026-03-24 14:14:29.128] [INFO] [generatePDFBuffer] Browser launched. Opening new page... | {"bookingId":"BK-MN4DBIAH-HYJ75G","elapsed":"1187ms"}
[2026-03-24 14:14:29.295] [INFO] [generatePDFBuffer] Page opened. Setting HTML content... | {"bookingId":"BK-MN4DBIAH-HYJ75G","elapsed":"1354ms"}
[2026-03-24 14:14:29.340] [INFO] [generatePDFBuffer] HTML content set. Generating PDF... | {"bookingId":"BK-MN4DBIAH-HYJ75G","elapsed":"1399ms"}
[2026-03-24 14:14:30.834] [INFO] [generatePDFBuffer] PDF generated. Closing browser... | {"bookingId":"BK-MN4DBIAH-HYJ75G","pdfSizeKB":"299.71 KB","elapsed":"2893ms"}
[2026-03-24 14:14:31.209] [INFO] [generatePDFBuffer] END - SUCCESS | {"bookingId":"BK-MN4DBIAH-HYJ75G","pdfSizeKB":"299.71 KB","endTime":"2026-03-24T08:44:31.209Z","totalDuration":"3268ms"}
[2026-03-24 14:14:31.210] [INFO] [generateInvoice] PDF buffer ready. Uploading to S3... | {"bookingId":"BK-MN4DBIAH-HYJ75G"}
[2026-03-24 14:14:31.212] [INFO] [uploadInvoiceToS3] START - Uploading to S3 | {"invoiceNumber":"INV-MN4DBIBR-7O66BW","startTime":"2026-03-24T08:44:31.211Z","pdfSizeKB":"299.71 KB"}
[2026-03-24 14:14:32.000] [INFO] [uploadInvoiceToS3] END - SUCCESS | {"invoiceNumber":"INV-MN4DBIBR-7O66BW","invoiceUrl":"https://sgp1.digitaloceanspaces.com/satyakabir-bucket/TourTravels/INVOICES/invoice_INV-MN4DBIBR-7O66BW_1774341871213.pdf","endTime":"2026-03-24T08:44:32.000Z","totalDuration":"789ms"}
[2026-03-24 14:14:32.001] [INFO] [generateInvoice] END - SUCCESS | {"bookingId":"BK-MN4DBIAH-HYJ75G","invoiceUrl":"https://sgp1.digitaloceanspaces.com/satyakabir-bucket/TourTravels/INVOICES/invoice_INV-MN4DBIBR-7O66BW_1774341871213.pdf","endTime":"2026-03-24T08:44:32.001Z","totalDuration":"4071ms"}
[2026-03-24 14:15:36.083] [INFO] [generateInvoice] START | {"bookingId":"BK-MN4DBIAH-HYJ75G","invoiceNumber":"INV-MN4DBIBR-7O66BW","startTime":"2026-03-24T08:45:36.081Z"}
[2026-03-24 14:15:36.092] [INFO] [generateInvoice] Generating PDF buffer... | {"bookingId":"BK-MN4DBIAH-HYJ75G"}
[2026-03-24 14:15:36.095] [INFO] [generatePDFBuffer] START - Launching Puppeteer browser | {"bookingId":"BK-MN4DBIAH-HYJ75G","startTime":"2026-03-24T08:45:36.094Z","chromiumPath":"C:\\Program Files\\Google\\Chrome\\Application\\chrome.exe"}
[2026-03-24 14:15:36.149] [INFO] [generatePDFBuffer] Launching browser... | {"bookingId":"BK-MN4DBIAH-HYJ75G","elapsed":"54ms"}
[2026-03-24 14:15:37.437] [INFO] [generatePDFBuffer] Browser launched. Opening new page... | {"bookingId":"BK-MN4DBIAH-HYJ75G","elapsed":"1343ms"}
[2026-03-24 14:15:37.595] [INFO] [generatePDFBuffer] Page opened. Setting HTML content... | {"bookingId":"BK-MN4DBIAH-HYJ75G","elapsed":"1501ms"}
[2026-03-24 14:15:37.706] [INFO] [generatePDFBuffer] HTML content set. Generating PDF... | {"bookingId":"BK-MN4DBIAH-HYJ75G","elapsed":"1611ms"}
[2026-03-24 14:15:39.674] [INFO] [generatePDFBuffer] PDF generated. Closing browser... | {"bookingId":"BK-MN4DBIAH-HYJ75G","pdfSizeKB":"299.71 KB","elapsed":"3580ms"}
[2026-03-24 14:15:40.185] [INFO] [generatePDFBuffer] END - SUCCESS | {"bookingId":"BK-MN4DBIAH-HYJ75G","pdfSizeKB":"299.71 KB","endTime":"2026-03-24T08:45:40.185Z","totalDuration":"4091ms"}
[2026-03-24 14:15:40.186] [INFO] [generateInvoice] PDF buffer ready. Uploading to S3... | {"bookingId":"BK-MN4DBIAH-HYJ75G"}
[2026-03-24 14:15:40.188] [INFO] [uploadInvoiceToS3] START - Uploading to S3 | {"invoiceNumber":"INV-MN4DBIBR-7O66BW","startTime":"2026-03-24T08:45:40.187Z","pdfSizeKB":"299.71 KB"}
[2026-03-24 14:15:40.952] [INFO] [uploadInvoiceToS3] END - SUCCESS | {"invoiceNumber":"INV-MN4DBIBR-7O66BW","invoiceUrl":"https://sgp1.digitaloceanspaces.com/satyakabir-bucket/TourTravels/INVOICES/invoice_INV-MN4DBIBR-7O66BW_1774341940188.pdf","endTime":"2026-03-24T08:45:40.952Z","totalDuration":"765ms"}
[2026-03-24 14:15:40.953] [INFO] [generateInvoice] END - SUCCESS | {"bookingId":"BK-MN4DBIAH-HYJ75G","invoiceUrl":"https://sgp1.digitaloceanspaces.com/satyakabir-bucket/TourTravels/INVOICES/invoice_INV-MN4DBIBR-7O66BW_1774341940188.pdf","endTime":"2026-03-24T08:45:40.953Z","totalDuration":"4872ms"}
[2026-03-24 14:16:59.335] [INFO] [generateInvoice] START | {"bookingId":"BK-MN4DBIAH-HYJ75G","invoiceNumber":"INV-MN4DBIBR-7O66BW","startTime":"2026-03-24T08:46:59.334Z"}
[2026-03-24 14:16:59.341] [INFO] [generateInvoice] Generating PDF buffer... | {"bookingId":"BK-MN4DBIAH-HYJ75G"}
[2026-03-24 14:16:59.343] [INFO] [generatePDFBuffer] START - Launching Puppeteer browser | {"bookingId":"BK-MN4DBIAH-HYJ75G","startTime":"2026-03-24T08:46:59.343Z","chromiumPath":"C:\\Program Files\\Google\\Chrome\\Application\\chrome.exe"}
[2026-03-24 14:16:59.363] [INFO] [generatePDFBuffer] Launching browser... | {"bookingId":"BK-MN4DBIAH-HYJ75G","elapsed":"20ms"}
[2026-03-24 14:17:00.944] [INFO] [generatePDFBuffer] Browser launched. Opening new page... | {"bookingId":"BK-MN4DBIAH-HYJ75G","elapsed":"1601ms"}
[2026-03-24 14:17:01.146] [INFO] [generatePDFBuffer] Page opened. Setting HTML content... | {"bookingId":"BK-MN4DBIAH-HYJ75G","elapsed":"1803ms"}
[2026-03-24 14:17:01.177] [INFO] [generatePDFBuffer] HTML content set. Generating PDF... | {"bookingId":"BK-MN4DBIAH-HYJ75G","elapsed":"1834ms"}
[2026-03-24 14:17:02.619] [INFO] [generatePDFBuffer] PDF generated. Closing browser... | {"bookingId":"BK-MN4DBIAH-HYJ75G","pdfSizeKB":"299.71 KB","elapsed":"3276ms"}
[2026-03-24 14:17:03.195] [INFO] [generatePDFBuffer] END - SUCCESS | {"bookingId":"BK-MN4DBIAH-HYJ75G","pdfSizeKB":"299.71 KB","endTime":"2026-03-24T08:47:03.195Z","totalDuration":"3852ms"}
[2026-03-24 14:17:03.197] [INFO] [generateInvoice] PDF buffer ready. Uploading to S3... | {"bookingId":"BK-MN4DBIAH-HYJ75G"}
[2026-03-24 14:17:03.198] [INFO] [uploadInvoiceToS3] START - Uploading to S3 | {"invoiceNumber":"INV-MN4DBIBR-7O66BW","startTime":"2026-03-24T08:47:03.198Z","pdfSizeKB":"299.71 KB"}
[2026-03-24 14:17:03.927] [INFO] [uploadInvoiceToS3] END - SUCCESS | {"invoiceNumber":"INV-MN4DBIBR-7O66BW","invoiceUrl":"https://sgp1.digitaloceanspaces.com/satyakabir-bucket/TourTravels/INVOICES/invoice_INV-MN4DBIBR-7O66BW_1774342023199.pdf","endTime":"2026-03-24T08:47:03.927Z","totalDuration":"729ms"}
[2026-03-24 14:17:03.928] [INFO] [generateInvoice] END - SUCCESS | {"bookingId":"BK-MN4DBIAH-HYJ75G","invoiceUrl":"https://sgp1.digitaloceanspaces.com/satyakabir-bucket/TourTravels/INVOICES/invoice_INV-MN4DBIBR-7O66BW_1774342023199.pdf","endTime":"2026-03-24T08:47:03.928Z","totalDuration":"4594ms"}
[2026-03-25 12:16:02.820] [INFO] [generateInvoice] START | {"bookingId":"BK-MN5OJ3CJ-AENNL0","invoiceNumber":"INV-MN5OJ3DJ-RVL4JK","startTime":"2026-03-25T06:46:02.818Z"}
[2026-03-25 12:16:02.835] [INFO] [generateInvoice] Generating PDF buffer... | {"bookingId":"BK-MN5OJ3CJ-AENNL0"}
[2026-03-25 12:16:02.837] [INFO] [generatePDFBuffer] START - Launching Puppeteer browser | {"bookingId":"BK-MN5OJ3CJ-AENNL0","startTime":"2026-03-25T06:46:02.837Z","chromiumPath":"C:\\Program Files\\Google\\Chrome\\Application\\chrome.exe"}
[2026-03-25 12:16:02.935] [INFO] [generatePDFBuffer] Launching browser... | {"bookingId":"BK-MN5OJ3CJ-AENNL0","elapsed":"98ms"}
[2026-03-25 12:16:04.418] [INFO] [generatePDFBuffer] Browser launched. Opening new page... | {"bookingId":"BK-MN5OJ3CJ-AENNL0","elapsed":"1581ms"}
[2026-03-25 12:16:04.675] [INFO] [generatePDFBuffer] Page opened. Setting HTML content... | {"bookingId":"BK-MN5OJ3CJ-AENNL0","elapsed":"1838ms"}
[2026-03-25 12:16:04.707] [INFO] [generatePDFBuffer] HTML content set. Generating PDF... | {"bookingId":"BK-MN5OJ3CJ-AENNL0","elapsed":"1870ms"}
[2026-03-25 12:16:06.344] [INFO] [generatePDFBuffer] PDF generated. Closing browser... | {"bookingId":"BK-MN5OJ3CJ-AENNL0","pdfSizeKB":"308.91 KB","elapsed":"3507ms"}
[2026-03-25 12:16:06.741] [INFO] [generatePDFBuffer] END - SUCCESS | {"bookingId":"BK-MN5OJ3CJ-AENNL0","pdfSizeKB":"308.91 KB","endTime":"2026-03-25T06:46:06.741Z","totalDuration":"3904ms"}
[2026-03-25 12:16:06.742] [INFO] [generateInvoice] PDF buffer ready. Uploading to S3... | {"bookingId":"BK-MN5OJ3CJ-AENNL0"}
[2026-03-25 12:16:06.744] [INFO] [uploadInvoiceToS3] START - Uploading to S3 | {"invoiceNumber":"INV-MN5OJ3DJ-RVL4JK","startTime":"2026-03-25T06:46:06.743Z","pdfSizeKB":"308.91 KB"}
[2026-03-25 12:16:07.456] [INFO] [uploadInvoiceToS3] END - SUCCESS | {"invoiceNumber":"INV-MN5OJ3DJ-RVL4JK","invoiceUrl":"https://sgp1.digitaloceanspaces.com/satyakabir-bucket/TourTravels/INVOICES/invoice_INV-MN5OJ3DJ-RVL4JK_1774421166745.pdf","endTime":"2026-03-25T06:46:07.456Z","totalDuration":"713ms"}
[2026-03-25 12:16:07.457] [INFO] [generateInvoice] END - SUCCESS | {"bookingId":"BK-MN5OJ3CJ-AENNL0","invoiceUrl":"https://sgp1.digitaloceanspaces.com/satyakabir-bucket/TourTravels/INVOICES/invoice_INV-MN5OJ3DJ-RVL4JK_1774421166745.pdf","endTime":"2026-03-25T06:46:07.457Z","totalDuration":"4639ms"}
[2026-03-25 12:23:52.706] [INFO] [generateInvoice] START | {"bookingId":"BK-MN5OT5AR-Y367AH","invoiceNumber":"INV-MN5OT5DT-A6RR7S","startTime":"2026-03-25T06:53:52.703Z"}
[2026-03-25 12:23:52.712] [INFO] [generateInvoice] Generating PDF buffer... | {"bookingId":"BK-MN5OT5AR-Y367AH"}
[2026-03-25 12:23:52.713] [INFO] [generatePDFBuffer] START - Launching Puppeteer browser | {"bookingId":"BK-MN5OT5AR-Y367AH","startTime":"2026-03-25T06:53:52.713Z","chromiumPath":"C:\\Program Files\\Google\\Chrome\\Application\\chrome.exe"}
[2026-03-25 12:23:52.757] [INFO] [generatePDFBuffer] Launching browser... | {"bookingId":"BK-MN5OT5AR-Y367AH","elapsed":"44ms"}
[2026-03-25 12:23:53.833] [INFO] [generatePDFBuffer] Browser launched. Opening new page... | {"bookingId":"BK-MN5OT5AR-Y367AH","elapsed":"1120ms"}
[2026-03-25 12:23:54.051] [INFO] [generatePDFBuffer] Page opened. Setting HTML content... | {"bookingId":"BK-MN5OT5AR-Y367AH","elapsed":"1338ms"}
[2026-03-25 12:23:54.090] [INFO] [generatePDFBuffer] HTML content set. Generating PDF... | {"bookingId":"BK-MN5OT5AR-Y367AH","elapsed":"1376ms"}
[2026-03-25 12:23:55.998] [INFO] [generatePDFBuffer] PDF generated. Closing browser... | {"bookingId":"BK-MN5OT5AR-Y367AH","pdfSizeKB":"309.31 KB","elapsed":"3285ms"}
[2026-03-25 12:23:56.380] [INFO] [generatePDFBuffer] END - SUCCESS | {"bookingId":"BK-MN5OT5AR-Y367AH","pdfSizeKB":"309.31 KB","endTime":"2026-03-25T06:53:56.380Z","totalDuration":"3667ms"}
[2026-03-25 12:23:56.381] [INFO] [generateInvoice] PDF buffer ready. Uploading to S3... | {"bookingId":"BK-MN5OT5AR-Y367AH"}
[2026-03-25 12:23:56.382] [INFO] [uploadInvoiceToS3] START - Uploading to S3 | {"invoiceNumber":"INV-MN5OT5DT-A6RR7S","startTime":"2026-03-25T06:53:56.382Z","pdfSizeKB":"309.31 KB"}
[2026-03-25 12:23:57.426] [INFO] [uploadInvoiceToS3] END - SUCCESS | {"invoiceNumber":"INV-MN5OT5DT-A6RR7S","invoiceUrl":"https://sgp1.digitaloceanspaces.com/satyakabir-bucket/TourTravels/INVOICES/invoice_INV-MN5OT5DT-A6RR7S_1774421636383.pdf","endTime":"2026-03-25T06:53:57.426Z","totalDuration":"1044ms"}
[2026-03-25 12:23:57.428] [INFO] [generateInvoice] END - SUCCESS | {"bookingId":"BK-MN5OT5AR-Y367AH","invoiceUrl":"https://sgp1.digitaloceanspaces.com/satyakabir-bucket/TourTravels/INVOICES/invoice_INV-MN5OT5DT-A6RR7S_1774421636383.pdf","endTime":"2026-03-25T06:53:57.428Z","totalDuration":"4725ms"}
[2026-03-25 12:25:32.002] [INFO] [generateInvoice] START | {"bookingId":"BK-MN5OVA1Y-3FA34N","invoiceNumber":"INV-MN5OVA3K-ZPHUS5","startTime":"2026-03-25T06:55:32.002Z"}
[2026-03-25 12:25:32.003] [INFO] [generateInvoice] Generating PDF buffer... | {"bookingId":"BK-MN5OVA1Y-3FA34N"}
[2026-03-25 12:25:32.004] [INFO] [generatePDFBuffer] START - Launching Puppeteer browser | {"bookingId":"BK-MN5OVA1Y-3FA34N","startTime":"2026-03-25T06:55:32.004Z","chromiumPath":"C:\\Program Files\\Google\\Chrome\\Application\\chrome.exe"}
[2026-03-25 12:25:32.014] [INFO] [generatePDFBuffer] Launching browser... | {"bookingId":"BK-MN5OVA1Y-3FA34N","elapsed":"10ms"}
[2026-03-25 12:25:33.532] [INFO] [generatePDFBuffer] Browser launched. Opening new page... | {"bookingId":"BK-MN5OVA1Y-3FA34N","elapsed":"1528ms"}
[2026-03-25 12:25:33.741] [INFO] [generatePDFBuffer] Page opened. Setting HTML content... | {"bookingId":"BK-MN5OVA1Y-3FA34N","elapsed":"1737ms"}
[2026-03-25 12:25:33.751] [INFO] [generatePDFBuffer] HTML content set. Generating PDF... | {"bookingId":"BK-MN5OVA1Y-3FA34N","elapsed":"1747ms"}
[2026-03-25 12:25:35.781] [INFO] [generatePDFBuffer] PDF generated. Closing browser... | {"bookingId":"BK-MN5OVA1Y-3FA34N","pdfSizeKB":"307.08 KB","elapsed":"3776ms"}
[2026-03-25 12:25:36.203] [INFO] [generatePDFBuffer] END - SUCCESS | {"bookingId":"BK-MN5OVA1Y-3FA34N","pdfSizeKB":"307.08 KB","endTime":"2026-03-25T06:55:36.203Z","totalDuration":"4199ms"}
[2026-03-25 12:25:36.204] [INFO] [generateInvoice] PDF buffer ready. Uploading to S3... | {"bookingId":"BK-MN5OVA1Y-3FA34N"}
[2026-03-25 12:25:36.205] [INFO] [uploadInvoiceToS3] START - Uploading to S3 | {"invoiceNumber":"INV-MN5OVA3K-ZPHUS5","startTime":"2026-03-25T06:55:36.205Z","pdfSizeKB":"307.08 KB"}
[2026-03-25 12:25:36.969] [INFO] [uploadInvoiceToS3] END - SUCCESS | {"invoiceNumber":"INV-MN5OVA3K-ZPHUS5","invoiceUrl":"https://sgp1.digitaloceanspaces.com/satyakabir-bucket/TourTravels/INVOICES/invoice_INV-MN5OVA3K-ZPHUS5_1774421736205.pdf","endTime":"2026-03-25T06:55:36.969Z","totalDuration":"764ms"}
[2026-03-25 12:25:36.970] [INFO] [generateInvoice] END - SUCCESS | {"bookingId":"BK-MN5OVA1Y-3FA34N","invoiceUrl":"https://sgp1.digitaloceanspaces.com/satyakabir-bucket/TourTravels/INVOICES/invoice_INV-MN5OVA3K-ZPHUS5_1774421736205.pdf","endTime":"2026-03-25T06:55:36.970Z","totalDuration":"4968ms"}
[2026-03-25 12:31:59.611] [INFO] [generateInvoice] START | {"bookingId":"BK-MN5P3MDS-EYPBGM","invoiceNumber":"INV-MN5P3MEX-PUAD3F","startTime":"2026-03-25T07:01:59.610Z"}
[2026-03-25 12:31:59.614] [INFO] [generateInvoice] Generating PDF buffer... | {"bookingId":"BK-MN5P3MDS-EYPBGM"}
[2026-03-25 12:31:59.615] [INFO] [generatePDFBuffer] START - Launching Puppeteer browser | {"bookingId":"BK-MN5P3MDS-EYPBGM","startTime":"2026-03-25T07:01:59.615Z","chromiumPath":"C:\\Program Files\\Google\\Chrome\\Application\\chrome.exe"}
[2026-03-25 12:31:59.633] [INFO] [generatePDFBuffer] Launching browser... | {"bookingId":"BK-MN5P3MDS-EYPBGM","elapsed":"18ms"}
[2026-03-25 12:32:00.946] [INFO] [generatePDFBuffer] Browser launched. Opening new page... | {"bookingId":"BK-MN5P3MDS-EYPBGM","elapsed":"1331ms"}
[2026-03-25 12:32:01.262] [INFO] [generatePDFBuffer] Page opened. Setting HTML content... | {"bookingId":"BK-MN5P3MDS-EYPBGM","elapsed":"1647ms"}
[2026-03-25 12:32:01.285] [INFO] [generatePDFBuffer] HTML content set. Generating PDF... | {"bookingId":"BK-MN5P3MDS-EYPBGM","elapsed":"1670ms"}
[2026-03-25 12:32:02.621] [INFO] [generatePDFBuffer] PDF generated. Closing browser... | {"bookingId":"BK-MN5P3MDS-EYPBGM","pdfSizeKB":"309.83 KB","elapsed":"3005ms"}
[2026-03-25 12:32:03.068] [INFO] [generatePDFBuffer] END - SUCCESS | {"bookingId":"BK-MN5P3MDS-EYPBGM","pdfSizeKB":"309.83 KB","endTime":"2026-03-25T07:02:03.068Z","totalDuration":"3453ms"}
[2026-03-25 12:32:03.069] [INFO] [generateInvoice] PDF buffer ready. Uploading to S3... | {"bookingId":"BK-MN5P3MDS-EYPBGM"}
[2026-03-25 12:32:03.070] [INFO] [uploadInvoiceToS3] START - Uploading to S3 | {"invoiceNumber":"INV-MN5P3MEX-PUAD3F","startTime":"2026-03-25T07:02:03.070Z","pdfSizeKB":"309.83 KB"}
[2026-03-25 12:32:04.092] [INFO] [uploadInvoiceToS3] END - SUCCESS | {"invoiceNumber":"INV-MN5P3MEX-PUAD3F","invoiceUrl":"https://sgp1.digitaloceanspaces.com/satyakabir-bucket/TourTravels/INVOICES/invoice_INV-MN5P3MEX-PUAD3F_1774422123071.pdf","endTime":"2026-03-25T07:02:04.092Z","totalDuration":"1022ms"}
[2026-03-25 12:32:04.093] [INFO] [generateInvoice] END - SUCCESS | {"bookingId":"BK-MN5P3MDS-EYPBGM","invoiceUrl":"https://sgp1.digitaloceanspaces.com/satyakabir-bucket/TourTravels/INVOICES/invoice_INV-MN5P3MEX-PUAD3F_1774422123071.pdf","endTime":"2026-03-25T07:02:04.093Z","totalDuration":"4483ms"}
[2026-03-25 12:37:41.995] [INFO] [generateInvoice] START | {"bookingId":"BK-MN5PAT4C-27GRRW","invoiceNumber":"INV-MN5PAT5M-DMKP0Q","startTime":"2026-03-25T07:07:41.993Z"}
[2026-03-25 12:37:42.019] [INFO] [generateInvoice] Generating PDF buffer... | {"bookingId":"BK-MN5PAT4C-27GRRW"}
[2026-03-25 12:37:42.021] [INFO] [generatePDFBuffer] START - Launching Puppeteer browser | {"bookingId":"BK-MN5PAT4C-27GRRW","startTime":"2026-03-25T07:07:42.021Z","chromiumPath":"C:\\Program Files\\Google\\Chrome\\Application\\chrome.exe"}
[2026-03-25 12:37:42.075] [INFO] [generatePDFBuffer] Launching browser... | {"bookingId":"BK-MN5PAT4C-27GRRW","elapsed":"54ms"}
[2026-03-25 12:37:43.591] [INFO] [generatePDFBuffer] Browser launched. Opening new page... | {"bookingId":"BK-MN5PAT4C-27GRRW","elapsed":"1570ms"}
[2026-03-25 12:37:43.695] [INFO] [generatePDFBuffer] Page opened. Setting HTML content... | {"bookingId":"BK-MN5PAT4C-27GRRW","elapsed":"1674ms"}
[2026-03-25 12:37:43.716] [INFO] [generatePDFBuffer] HTML content set. Generating PDF... | {"bookingId":"BK-MN5PAT4C-27GRRW","elapsed":"1695ms"}
[2026-03-25 12:37:45.140] [INFO] [generatePDFBuffer] PDF generated. Closing browser... | {"bookingId":"BK-MN5PAT4C-27GRRW","pdfSizeKB":"306.52 KB","elapsed":"3119ms"}
[2026-03-25 12:37:45.524] [INFO] [generatePDFBuffer] END - SUCCESS | {"bookingId":"BK-MN5PAT4C-27GRRW","pdfSizeKB":"306.52 KB","endTime":"2026-03-25T07:07:45.523Z","totalDuration":"3502ms"}
[2026-03-25 12:37:45.525] [INFO] [generateInvoice] PDF buffer ready. Uploading to S3... | {"bookingId":"BK-MN5PAT4C-27GRRW"}
[2026-03-25 12:37:45.526] [INFO] [uploadInvoiceToS3] START - Uploading to S3 | {"invoiceNumber":"INV-MN5PAT5M-DMKP0Q","startTime":"2026-03-25T07:07:45.526Z","pdfSizeKB":"306.52 KB"}
[2026-03-25 12:37:46.261] [INFO] [uploadInvoiceToS3] END - SUCCESS | {"invoiceNumber":"INV-MN5PAT5M-DMKP0Q","invoiceUrl":"https://sgp1.digitaloceanspaces.com/satyakabir-bucket/TourTravels/INVOICES/invoice_INV-MN5PAT5M-DMKP0Q_1774422465527.pdf","endTime":"2026-03-25T07:07:46.261Z","totalDuration":"735ms"}
[2026-03-25 12:37:46.262] [INFO] [generateInvoice] END - SUCCESS | {"bookingId":"BK-MN5PAT4C-27GRRW","invoiceUrl":"https://sgp1.digitaloceanspaces.com/satyakabir-bucket/TourTravels/INVOICES/invoice_INV-MN5PAT5M-DMKP0Q_1774422465527.pdf","endTime":"2026-03-25T07:07:46.262Z","totalDuration":"4269ms"}
[2026-03-25 12:39:35.331] [INFO] [generateInvoice] START | {"bookingId":"BK-MN5PD5JH-A3XDSL","invoiceNumber":"INV-MN5PD5KO-XCSYLV","startTime":"2026-03-25T07:09:35.331Z"}
[2026-03-25 12:39:35.332] [INFO] [generateInvoice] Generating PDF buffer... | {"bookingId":"BK-MN5PD5JH-A3XDSL"}
[2026-03-25 12:39:35.333] [INFO] [generatePDFBuffer] START - Launching Puppeteer browser | {"bookingId":"BK-MN5PD5JH-A3XDSL","startTime":"2026-03-25T07:09:35.333Z","chromiumPath":"C:\\Program Files\\Google\\Chrome\\Application\\chrome.exe"}
[2026-03-25 12:39:35.345] [INFO] [generatePDFBuffer] Launching browser... | {"bookingId":"BK-MN5PD5JH-A3XDSL","elapsed":"12ms"}
[2026-03-25 12:39:36.478] [INFO] [generatePDFBuffer] Browser launched. Opening new page... | {"bookingId":"BK-MN5PD5JH-A3XDSL","elapsed":"1145ms"}
[2026-03-25 12:39:36.584] [INFO] [generatePDFBuffer] Page opened. Setting HTML content... | {"bookingId":"BK-MN5PD5JH-A3XDSL","elapsed":"1251ms"}
[2026-03-25 12:39:36.600] [INFO] [generatePDFBuffer] HTML content set. Generating PDF... | {"bookingId":"BK-MN5PD5JH-A3XDSL","elapsed":"1267ms"}
[2026-03-25 12:39:38.139] [INFO] [generatePDFBuffer] PDF generated. Closing browser... | {"bookingId":"BK-MN5PD5JH-A3XDSL","pdfSizeKB":"298.21 KB","elapsed":"2806ms"}
[2026-03-25 12:39:38.492] [INFO] [generatePDFBuffer] END - SUCCESS | {"bookingId":"BK-MN5PD5JH-A3XDSL","pdfSizeKB":"298.21 KB","endTime":"2026-03-25T07:09:38.492Z","totalDuration":"3159ms"}
[2026-03-25 12:39:38.493] [INFO] [generateInvoice] PDF buffer ready. Uploading to S3... | {"bookingId":"BK-MN5PD5JH-A3XDSL"}
[2026-03-25 12:39:38.494] [INFO] [uploadInvoiceToS3] START - Uploading to S3 | {"invoiceNumber":"INV-MN5PD5KO-XCSYLV","startTime":"2026-03-25T07:09:38.494Z","pdfSizeKB":"298.21 KB"}
[2026-03-25 12:39:39.279] [INFO] [uploadInvoiceToS3] END - SUCCESS | {"invoiceNumber":"INV-MN5PD5KO-XCSYLV","invoiceUrl":"https://sgp1.digitaloceanspaces.com/satyakabir-bucket/TourTravels/INVOICES/invoice_INV-MN5PD5KO-XCSYLV_1774422578495.pdf","endTime":"2026-03-25T07:09:39.278Z","totalDuration":"784ms"}
[2026-03-25 12:39:39.279] [INFO] [generateInvoice] END - SUCCESS | {"bookingId":"BK-MN5PD5JH-A3XDSL","invoiceUrl":"https://sgp1.digitaloceanspaces.com/satyakabir-bucket/TourTravels/INVOICES/invoice_INV-MN5PD5KO-XCSYLV_1774422578495.pdf","endTime":"2026-03-25T07:09:39.279Z","totalDuration":"3948ms"}
[2026-03-25 13:07:46.358] [INFO] [generateInvoice] START | {"bookingId":"BK-MN5QDH15-KKJ0HO","invoiceNumber":"INV-MN5QDH49-GO2B2T","startTime":"2026-03-25T07:37:46.356Z"}
[2026-03-25 13:07:46.379] [INFO] [generateInvoice] Generating PDF buffer... | {"bookingId":"BK-MN5QDH15-KKJ0HO"}
[2026-03-25 13:07:46.384] [INFO] [generatePDFBuffer] START - Launching Puppeteer browser | {"bookingId":"BK-MN5QDH15-KKJ0HO","startTime":"2026-03-25T07:37:46.383Z","chromiumPath":"C:\\Program Files\\Google\\Chrome\\Application\\chrome.exe"}
[2026-03-25 13:07:46.540] [INFO] [generatePDFBuffer] Launching browser... | {"bookingId":"BK-MN5QDH15-KKJ0HO","elapsed":"156ms"}
[2026-03-25 13:07:47.853] [INFO] [generatePDFBuffer] Browser launched. Opening new page... | {"bookingId":"BK-MN5QDH15-KKJ0HO","elapsed":"1469ms"}
[2026-03-25 13:07:48.009] [INFO] [generatePDFBuffer] Page opened. Setting HTML content... | {"bookingId":"BK-MN5QDH15-KKJ0HO","elapsed":"1626ms"}
[2026-03-25 13:07:48.039] [INFO] [generatePDFBuffer] HTML content set. Generating PDF... | {"bookingId":"BK-MN5QDH15-KKJ0HO","elapsed":"1656ms"}
[2026-03-25 13:07:49.545] [INFO] [generatePDFBuffer] PDF generated. Closing browser... | {"bookingId":"BK-MN5QDH15-KKJ0HO","pdfSizeKB":"306.92 KB","elapsed":"3162ms"}
[2026-03-25 13:07:49.943] [INFO] [generatePDFBuffer] END - SUCCESS | {"bookingId":"BK-MN5QDH15-KKJ0HO","pdfSizeKB":"306.92 KB","endTime":"2026-03-25T07:37:49.943Z","totalDuration":"3560ms"}
[2026-03-25 13:07:49.944] [INFO] [generateInvoice] PDF buffer ready. Uploading to S3... | {"bookingId":"BK-MN5QDH15-KKJ0HO"}
[2026-03-25 13:07:49.945] [INFO] [uploadInvoiceToS3] START - Uploading to S3 | {"invoiceNumber":"INV-MN5QDH49-GO2B2T","startTime":"2026-03-25T07:37:49.945Z","pdfSizeKB":"306.92 KB"}
[2026-03-25 13:07:51.159] [INFO] [uploadInvoiceToS3] END - SUCCESS | {"invoiceNumber":"INV-MN5QDH49-GO2B2T","invoiceUrl":"https://sgp1.digitaloceanspaces.com/satyakabir-bucket/TourTravels/INVOICES/invoice_INV-MN5QDH49-GO2B2T_1774424269946.pdf","endTime":"2026-03-25T07:37:51.159Z","totalDuration":"1214ms"}
[2026-03-25 13:07:51.160] [INFO] [generateInvoice] END - SUCCESS | {"bookingId":"BK-MN5QDH15-KKJ0HO","invoiceUrl":"https://sgp1.digitaloceanspaces.com/satyakabir-bucket/TourTravels/INVOICES/invoice_INV-MN5QDH49-GO2B2T_1774424269946.pdf","endTime":"2026-03-25T07:37:51.160Z","totalDuration":"4804ms"}
[2026-03-25 13:18:21.849] [INFO] [generateInvoice] START | {"bookingId":"BK-MN5QR4DE-KTIH76","invoiceNumber":"INV-MN5QR4G7-TVXQLV","startTime":"2026-03-25T07:48:21.847Z"}
[2026-03-25 13:18:21.857] [INFO] [generateInvoice] Generating PDF buffer... | {"bookingId":"BK-MN5QR4DE-KTIH76"}
[2026-03-25 13:18:21.859] [INFO] [generatePDFBuffer] START - Launching Puppeteer browser | {"bookingId":"BK-MN5QR4DE-KTIH76","startTime":"2026-03-25T07:48:21.859Z","chromiumPath":"C:\\Program Files\\Google\\Chrome\\Application\\chrome.exe"}
[2026-03-25 13:18:21.907] [INFO] [generatePDFBuffer] Launching browser... | {"bookingId":"BK-MN5QR4DE-KTIH76","elapsed":"48ms"}
[2026-03-25 13:18:23.049] [INFO] [generatePDFBuffer] Browser launched. Opening new page... | {"bookingId":"BK-MN5QR4DE-KTIH76","elapsed":"1190ms"}
[2026-03-25 13:18:23.235] [INFO] [generatePDFBuffer] Page opened. Setting HTML content... | {"bookingId":"BK-MN5QR4DE-KTIH76","elapsed":"1376ms"}
[2026-03-25 13:18:23.259] [INFO] [generatePDFBuffer] HTML content set. Generating PDF... | {"bookingId":"BK-MN5QR4DE-KTIH76","elapsed":"1400ms"}
[2026-03-25 13:18:24.587] [INFO] [generatePDFBuffer] PDF generated. Closing browser... | {"bookingId":"BK-MN5QR4DE-KTIH76","pdfSizeKB":"306.91 KB","elapsed":"2728ms"}
[2026-03-25 13:18:24.920] [INFO] [generatePDFBuffer] END - SUCCESS | {"bookingId":"BK-MN5QR4DE-KTIH76","pdfSizeKB":"306.91 KB","endTime":"2026-03-25T07:48:24.920Z","totalDuration":"3061ms"}
[2026-03-25 13:18:24.921] [INFO] [generateInvoice] PDF buffer ready. Uploading to S3... | {"bookingId":"BK-MN5QR4DE-KTIH76"}
[2026-03-25 13:18:24.922] [INFO] [uploadInvoiceToS3] START - Uploading to S3 | {"invoiceNumber":"INV-MN5QR4G7-TVXQLV","startTime":"2026-03-25T07:48:24.922Z","pdfSizeKB":"306.91 KB"}
[2026-03-25 13:18:29.819] [INFO] [uploadInvoiceToS3] END - SUCCESS | {"invoiceNumber":"INV-MN5QR4G7-TVXQLV","invoiceUrl":"https://sgp1.digitaloceanspaces.com/satyakabir-bucket/TourTravels/INVOICES/invoice_INV-MN5QR4G7-TVXQLV_1774424904923.pdf","endTime":"2026-03-25T07:48:29.819Z","totalDuration":"4897ms"}
[2026-03-25 13:18:29.820] [INFO] [generateInvoice] END - SUCCESS | {"bookingId":"BK-MN5QR4DE-KTIH76","invoiceUrl":"https://sgp1.digitaloceanspaces.com/satyakabir-bucket/TourTravels/INVOICES/invoice_INV-MN5QR4G7-TVXQLV_1774424904923.pdf","endTime":"2026-03-25T07:48:29.820Z","totalDuration":"7973ms"}
[2026-03-25 14:17:33.492] [INFO] [generateInvoice] START | {"bookingId":"BK-MN5SV0A2-5Z4M38","invoiceNumber":"INV-MN5SV0BM-7W8MJA","startTime":"2026-03-25T08:47:33.490Z"}
[2026-03-25 14:17:33.524] [INFO] [generateInvoice] Generating PDF buffer... | {"bookingId":"BK-MN5SV0A2-5Z4M38"}
[2026-03-25 14:17:33.526] [INFO] [generatePDFBuffer] START - Launching Puppeteer browser | {"bookingId":"BK-MN5SV0A2-5Z4M38","startTime":"2026-03-25T08:47:33.526Z","chromiumPath":"C:\\Program Files\\Google\\Chrome\\Application\\chrome.exe"}
[2026-03-25 14:17:33.588] [INFO] [generatePDFBuffer] Launching browser... | {"bookingId":"BK-MN5SV0A2-5Z4M38","elapsed":"62ms"}
[2026-03-25 14:17:34.774] [INFO] [generatePDFBuffer] Browser launched. Opening new page... | {"bookingId":"BK-MN5SV0A2-5Z4M38","elapsed":"1248ms"}
[2026-03-25 14:17:34.974] [INFO] [generatePDFBuffer] Page opened. Setting HTML content... | {"bookingId":"BK-MN5SV0A2-5Z4M38","elapsed":"1448ms"}
[2026-03-25 14:17:34.998] [INFO] [generatePDFBuffer] HTML content set. Generating PDF... | {"bookingId":"BK-MN5SV0A2-5Z4M38","elapsed":"1472ms"}
[2026-03-25 14:17:36.363] [INFO] [generatePDFBuffer] PDF generated. Closing browser... | {"bookingId":"BK-MN5SV0A2-5Z4M38","pdfSizeKB":"310.89 KB","elapsed":"2837ms"}
[2026-03-25 14:17:36.736] [INFO] [generatePDFBuffer] END - SUCCESS | {"bookingId":"BK-MN5SV0A2-5Z4M38","pdfSizeKB":"310.89 KB","endTime":"2026-03-25T08:47:36.736Z","totalDuration":"3210ms"}
[2026-03-25 14:17:36.737] [INFO] [generateInvoice] PDF buffer ready. Uploading to S3... | {"bookingId":"BK-MN5SV0A2-5Z4M38"}
[2026-03-25 14:17:36.738] [INFO] [uploadInvoiceToS3] START - Uploading to S3 | {"invoiceNumber":"INV-MN5SV0BM-7W8MJA","startTime":"2026-03-25T08:47:36.738Z","pdfSizeKB":"310.89 KB"}
[2026-03-25 14:17:37.434] [INFO] [uploadInvoiceToS3] END - SUCCESS | {"invoiceNumber":"INV-MN5SV0BM-7W8MJA","invoiceUrl":"https://sgp1.digitaloceanspaces.com/satyakabir-bucket/TourTravels/INVOICES/invoice_INV-MN5SV0BM-7W8MJA_1774428456739.pdf","endTime":"2026-03-25T08:47:37.434Z","totalDuration":"696ms"}
[2026-03-25 14:17:37.435] [INFO] [generateInvoice] END - SUCCESS | {"bookingId":"BK-MN5SV0A2-5Z4M38","invoiceUrl":"https://sgp1.digitaloceanspaces.com/satyakabir-bucket/TourTravels/INVOICES/invoice_INV-MN5SV0BM-7W8MJA_1774428456739.pdf","endTime":"2026-03-25T08:47:37.435Z","totalDuration":"3945ms"}
[2026-03-25 14:20:50.930] [INFO] [generateInvoice] START | {"bookingId":"BK-MN5SZFOB-UVZPL6","invoiceNumber":"INV-MN5SZFPD-GVFT86","startTime":"2026-03-25T08:50:50.930Z"}
[2026-03-25 14:20:50.931] [INFO] [generateInvoice] Generating PDF buffer... | {"bookingId":"BK-MN5SZFOB-UVZPL6"}
[2026-03-25 14:20:50.932] [INFO] [generatePDFBuffer] START - Launching Puppeteer browser | {"bookingId":"BK-MN5SZFOB-UVZPL6","startTime":"2026-03-25T08:50:50.932Z","chromiumPath":"C:\\Program Files\\Google\\Chrome\\Application\\chrome.exe"}
[2026-03-25 14:20:50.943] [INFO] [generatePDFBuffer] Launching browser... | {"bookingId":"BK-MN5SZFOB-UVZPL6","elapsed":"11ms"}
[2026-03-25 14:20:52.018] [INFO] [generatePDFBuffer] Browser launched. Opening new page... | {"bookingId":"BK-MN5SZFOB-UVZPL6","elapsed":"1086ms"}
[2026-03-25 14:20:52.129] [INFO] [generatePDFBuffer] Page opened. Setting HTML content... | {"bookingId":"BK-MN5SZFOB-UVZPL6","elapsed":"1197ms"}
[2026-03-25 14:20:52.146] [INFO] [generatePDFBuffer] HTML content set. Generating PDF... | {"bookingId":"BK-MN5SZFOB-UVZPL6","elapsed":"1214ms"}
[2026-03-25 14:20:54.089] [INFO] [generatePDFBuffer] PDF generated. Closing browser... | {"bookingId":"BK-MN5SZFOB-UVZPL6","pdfSizeKB":"299.32 KB","elapsed":"3157ms"}
[2026-03-25 14:20:54.458] [INFO] [generatePDFBuffer] END - SUCCESS | {"bookingId":"BK-MN5SZFOB-UVZPL6","pdfSizeKB":"299.32 KB","endTime":"2026-03-25T08:50:54.458Z","totalDuration":"3526ms"}
[2026-03-25 14:20:54.459] [INFO] [generateInvoice] PDF buffer ready. Uploading to S3... | {"bookingId":"BK-MN5SZFOB-UVZPL6"}
[2026-03-25 14:20:54.460] [INFO] [uploadInvoiceToS3] START - Uploading to S3 | {"invoiceNumber":"INV-MN5SZFPD-GVFT86","startTime":"2026-03-25T08:50:54.460Z","pdfSizeKB":"299.32 KB"}
[2026-03-25 14:20:55.102] [INFO] [uploadInvoiceToS3] END - SUCCESS | {"invoiceNumber":"INV-MN5SZFPD-GVFT86","invoiceUrl":"https://sgp1.digitaloceanspaces.com/satyakabir-bucket/TourTravels/INVOICES/invoice_INV-MN5SZFPD-GVFT86_1774428654460.pdf","endTime":"2026-03-25T08:50:55.102Z","totalDuration":"642ms"}
[2026-03-25 14:20:55.103] [INFO] [generateInvoice] END - SUCCESS | {"bookingId":"BK-MN5SZFOB-UVZPL6","invoiceUrl":"https://sgp1.digitaloceanspaces.com/satyakabir-bucket/TourTravels/INVOICES/invoice_INV-MN5SZFPD-GVFT86_1774428654460.pdf","endTime":"2026-03-25T08:50:55.103Z","totalDuration":"4173ms"}
